May 23 21:07:07 Z4S-SW26 kernel: [    0.000000] Linux version 5.17.13-generic (root@0b914b70c3b2) (gcc (Ubuntu 11.2.0-19ubuntu1) 11.2.0, GNU ld (GNU Binutils for Ubuntu) 2.38) #1 SMP PREEMPT Thu Aug 11 12:01:28 UTC 2022 (Ubuntu 5.15.0-25.25-generic 5.15.30)
May 23 21:07:07 Z4S-SW26 kernel: [    0.000000] Command line: BOOT_IMAGE=/boot/vmlinuz-5.17.13-generic root=UUID=713ab60e-860f-4aa1-bdfe-f153dcae01ab ro net.ifnames=0 biosdevname=0
May 23 21:07:07 Z4S-SW26 kernel: [    0.000000] KERNEL supported cpus:
May 23 21:07:07 Z4S-SW26 kernel: [    0.000000]   Intel GenuineIntel
May 23 21:07:07 Z4S-SW26 kernel: [    0.000000]   AMD AuthenticAMD
May 23 21:07:07 Z4S-SW26 kernel: [    0.000000]   Hygon HygonGenuine
May 23 21:07:07 Z4S-SW26 kernel: [    0.000000]   Centaur CentaurHauls
May 23 21:07:07 Z4S-SW26 kernel: [    0.000000]   zhaoxin   Shanghai  
May 23 21:07:07 Z4S-SW26 kernel: [    0.000000] x86/split lock detection: #AC: crashing the kernel on kernel split_locks and warning on user-space split_locks
May 23 21:07:07 Z4S-SW26 kernel: [    0.000000] x86/fpu: Supporting XSAVE feature 0x001: 'x87 floating point registers'
May 23 21:07:07 Z4S-SW26 kernel: [    0.000000] x86/fpu: Supporting XSAVE feature 0x002: 'SSE registers'
May 23 21:07:07 Z4S-SW26 kernel: [    0.000000] x86/fpu: Enabled xstate features 0x3, context size is 576 bytes, using 'compacted' format.
May 23 21:07:07 Z4S-SW26 kernel: [    0.000000] signal: max sigframe size: 1520
May 23 21:07:07 Z4S-SW26 kernel: [    0.000000] BIOS-provided physical RAM map:
May 23 21:07:07 Z4S-SW26 kernel: [    0.000000] BIOS-e820: [mem 0x0000000000000000-0x000000000009efff] usable
May 23 21:07:07 Z4S-SW26 kernel: [    0.000000] BIOS-e820: [mem 0x000000000009f000-0x00000000000fffff] reserved
May 23 21:07:07 Z4S-SW26 kernel: [    0.000000] BIOS-e820: [mem 0x0000000000100000-0x0000000072a38fff] usable
May 23 21:07:07 Z4S-SW26 kernel: [    0.000000] BIOS-e820: [mem 0x0000000072a39000-0x0000000077ce4fff] reserved
May 23 21:07:07 Z4S-SW26 kernel: [    0.000000] BIOS-e820: [mem 0x0000000077ce5000-0x000000007897efff] ACPI NVS
May 23 21:07:07 Z4S-SW26 kernel: [    0.000000] BIOS-e820: [mem 0x000000007897f000-0x0000000078bfefff] ACPI data
May 23 21:07:07 Z4S-SW26 kernel: [    0.000000] BIOS-e820: [mem 0x0000000078bff000-0x0000000078bfffff] usable
May 23 21:07:07 Z4S-SW26 kernel: [    0.000000] BIOS-e820: [mem 0x0000000078c00000-0x000000007fbfffff] reserved
May 23 21:07:07 Z4S-SW26 kernel: [    0.000000] BIOS-e820: [mem 0x00000000fed20000-0x00000000fed7ffff] reserved
May 23 21:07:07 Z4S-SW26 kernel: [    0.000000] BIOS-e820: [mem 0x0000000100000000-0x00000004803fffff] usable
May 23 21:07:07 Z4S-SW26 kernel: [    0.000000] NX (Execute Disable) protection: active
May 23 21:07:07 Z4S-SW26 kernel: [    0.000000] e820: update [mem 0x6d444018-0x6d479057] usable ==> usable
May 23 21:07:07 Z4S-SW26 kernel: [    0.000000] e820: update [mem 0x6d444018-0x6d479057] usable ==> usable
May 23 21:07:07 Z4S-SW26 kernel: [    0.000000] e820: update [mem 0x6d40e018-0x6d443057] usable ==> usable
May 23 21:07:07 Z4S-SW26 kernel: [    0.000000] e820: update [mem 0x6d40e018-0x6d443057] usable ==> usable
May 23 21:07:07 Z4S-SW26 kernel: [    0.000000] extended physical RAM map:
May 23 21:07:07 Z4S-SW26 kernel: [    0.000000] reserve setup_data: [mem 0x0000000000000000-0x000000000009efff] usable
May 23 21:07:07 Z4S-SW26 kernel: [    0.000000] reserve setup_data: [mem 0x000000000009f000-0x00000000000fffff] reserved
May 23 21:07:07 Z4S-SW26 kernel: [    0.000000] reserve setup_data: [mem 0x0000000000100000-0x000000006d40e017] usable
May 23 21:07:07 Z4S-SW26 kernel: [    0.000000] reserve setup_data: [mem 0x000000006d40e018-0x000000006d443057] usable
May 23 21:07:07 Z4S-SW26 kernel: [    0.000000] reserve setup_data: [mem 0x000000006d443058-0x000000006d444017] usable
May 23 21:07:07 Z4S-SW26 kernel: [    0.000000] reserve setup_data: [mem 0x000000006d444018-0x000000006d479057] usable
May 23 21:07:07 Z4S-SW26 kernel: [    0.000000] reserve setup_data: [mem 0x000000006d479058-0x0000000072a38fff] usable
May 23 21:07:07 Z4S-SW26 kernel: [    0.000000] reserve setup_data: [mem 0x0000000072a39000-0x0000000077ce4fff] reserved
May 23 21:07:07 Z4S-SW26 kernel: [    0.000000] reserve setup_data: [mem 0x0000000077ce5000-0x000000007897efff] ACPI NVS
May 23 21:07:07 Z4S-SW26 kernel: [    0.000000] reserve setup_data: [mem 0x000000007897f000-0x0000000078bfefff] ACPI data
May 23 21:07:07 Z4S-SW26 kernel: [    0.000000] reserve setup_data: [mem 0x0000000078bff000-0x0000000078bfffff] usable
May 23 21:07:07 Z4S-SW26 kernel: [    0.000000] reserve setup_data: [mem 0x0000000078c00000-0x000000007fbfffff] reserved
May 23 21:07:07 Z4S-SW26 kernel: [    0.000000] reserve setup_data: [mem 0x00000000fed20000-0x00000000fed7ffff] reserved
May 23 21:07:07 Z4S-SW26 kernel: [    0.000000] reserve setup_data: [mem 0x0000000100000000-0x00000004803fffff] usable
May 23 21:07:07 Z4S-SW26 kernel: [    0.000000] efi: EFI v2.70 by Phoenix Technologies Ltd.
May 23 21:07:07 Z4S-SW26 kernel: [    0.000000] efi: ACPI=0x78bfe000 ACPI 2.0=0x78bfe014 SMBIOS=0x74b97000 SMBIOS 3.0=0x74b8a000 MEMATTR=0x70097018 ESRT=0x70d4b898 MOKvar=0x6ffcb000 
May 23 21:07:07 Z4S-SW26 kernel: [    0.000000] secureboot: Secure boot disabled
May 23 21:07:07 Z4S-SW26 kernel: [    0.000000] SMBIOS 3.2.0 present.
May 23 21:07:07 Z4S-SW26 kernel: [    0.000000] DMI: Intel Corporation JasperLake Platform/JasperLake N LPDDR4, BIOS 0.18.4 12/07/2022
May 23 21:07:07 Z4S-SW26 kernel: [    0.000000] tsc: Detected 2000.000 MHz processor
May 23 21:07:07 Z4S-SW26 kernel: [    0.000000] tsc: Detected 1996.800 MHz TSC
May 23 21:07:07 Z4S-SW26 kernel: [    0.000012] e820: update [mem 0x00000000-0x00000fff] usable ==> reserved
May 23 21:07:07 Z4S-SW26 kernel: [    0.000016] e820: remove [mem 0x000a0000-0x000fffff] usable
May 23 21:07:07 Z4S-SW26 kernel: [    0.000021] last_pfn = 0x480400 max_arch_pfn = 0x400000000
May 23 21:07:07 Z4S-SW26 kernel: [    0.000081] x86/PAT: Configuration [0-7]: WB  WC  UC- UC  WB  WP  UC- WT  
May 23 21:07:07 Z4S-SW26 kernel: [    0.000458] last_pfn = 0x78c00 max_arch_pfn = 0x400000000
May 23 21:07:07 Z4S-SW26 kernel: [    0.004612] esrt: Reserving ESRT space from 0x0000000070d4b898 to 0x0000000070d4b920.
May 23 21:07:07 Z4S-SW26 kernel: [    0.004619] e820: update [mem 0x70d4b000-0x70d4bfff] usable ==> reserved
May 23 21:07:07 Z4S-SW26 kernel: [    0.004630] e820: update [mem 0x6ffcb000-0x6ffcbfff] usable ==> reserved
May 23 21:07:07 Z4S-SW26 kernel: [    0.005110] secureboot: Secure boot disabled
May 23 21:07:07 Z4S-SW26 kernel: [    0.005111] RAMDISK: [mem 0x3abed000-0x3d587fff]
May 23 21:07:07 Z4S-SW26 kernel: [    0.005115] ACPI: Early table checksum verification disabled
May 23 21:07:07 Z4S-SW26 kernel: [    0.005120] ACPI: RSDP 0x0000000078BFE014 000024 (v02 BLD   )
May 23 21:07:07 Z4S-SW26 kernel: [    0.005124] ACPI: XSDT 0x0000000078BFC188 0000F4 (v01 BLD    OEMTABLE 00000002 ACPI 00000002)
May 23 21:07:07 Z4S-SW26 kernel: [    0.005131] ACPI: FACP 0x0000000074B7D000 000114 (v06 BLD    OEMTABLE 00000002 ACPI 00000002)
May 23 21:07:07 Z4S-SW26 kernel: [    0.005138] ACPI: DSDT 0x0000000074B35000 0435D9 (v02 BLD    ICL      00000002      01000013)
May 23 21:07:07 Z4S-SW26 kernel: [    0.005142] ACPI: FACS 0x000000007880F000 000040
May 23 21:07:07 Z4S-SW26 kernel: [    0.005145] ACPI: SSDT 0x0000000074BFC000 0025EE (v02 BLD    CpuSsdt  00003000 INTL 20191018)
May 23 21:07:07 Z4S-SW26 kernel: [    0.005149] ACPI: SSDT 0x0000000074B98000 0007E6 (v02 BLD    WmiTable 00001000 INTL 20191018)
May 23 21:07:07 Z4S-SW26 kernel: [    0.005153] ACPI: HPET 0x0000000074B7C000 000038 (v01 BLD    OEMTABLE 00000002 ACPI 00000002)
May 23 21:07:07 Z4S-SW26 kernel: [    0.005156] ACPI: APIC 0x0000000074B7B000 00012C (v04 BLD    OEMTABLE 00000002 ACPI 00000002)
May 23 21:07:07 Z4S-SW26 kernel: [    0.005159] ACPI: MCFG 0x0000000074B7A000 00003C (v01 BLD    OEMTABLE 00000002 ACPI 00000002)
May 23 21:07:07 Z4S-SW26 kernel: [    0.005163] ACPI: PRAM 0x0000000074B79000 000030 (v01 BLD    OEMTABLE 00000002 ACPI 00000002)
May 23 21:07:07 Z4S-SW26 kernel: [    0.005166] ACPI: SSDT 0x0000000074B34000 000CF1 (v02 BLD    Ther_Rvp 00001000 INTL 20191018)
May 23 21:07:07 Z4S-SW26 kernel: [    0.005169] ACPI: SSDT 0x0000000074B33000 000525 (v02 BLD    xh_jslv2 00000000 INTL 20191018)
May 23 21:07:07 Z4S-SW26 kernel: [    0.005172] ACPI: NHLT 0x0000000074B32000 00002D (v00 BLD    OEMTABLE 00000002 ACPI 00000002)
May 23 21:07:07 Z4S-SW26 kernel: [    0.005176] ACPI: SSDT 0x0000000074B2F000 001D29 (v02 BLD    SaSsdt   00003000 INTL 20191018)
May 23 21:07:07 Z4S-SW26 kernel: [    0.005179] ACPI: SSDT 0x0000000074B2B000 0032CD (v02 BLD    IgfxSsdt 00003000 INTL 20191018)
May 23 21:07:07 Z4S-SW26 kernel: [    0.005183] ACPI: LPIT 0x0000000074B29000 000094 (v01 BLD    OEMTABLE 00000002 ACPI 00000002)
May 23 21:07:07 Z4S-SW26 kernel: [    0.005186] ACPI: WSMT 0x0000000074B28000 000028 (v01 BLD    OEMTABLE 00000002 ACPI 00000002)
May 23 21:07:07 Z4S-SW26 kernel: [    0.005189] ACPI: SSDT 0x0000000074B27000 000B70 (v02 BLD    PtidDevc 00001000 INTL 20191018)
May 23 21:07:07 Z4S-SW26 kernel: [    0.005192] ACPI: SSDT 0x0000000074B26000 000122 (v02 BLD    TbtTypeC 00000000 INTL 20191018)
May 23 21:07:07 Z4S-SW26 kernel: [    0.005196] ACPI: DBGP 0x0000000074B25000 000034 (v01 BLD    OEMTABLE 00000002 ACPI 00000002)
May 23 21:07:07 Z4S-SW26 kernel: [    0.005199] ACPI: DBG2 0x0000000074B24000 000054 (v00 BLD    OEMTABLE 00000002 ACPI 00000002)
May 23 21:07:07 Z4S-SW26 kernel: [    0.005202] ACPI: POAT 0x0000000074B23000 000055 (v03 BLD    OEMTABLE 00000000 ACPI 00000002)
May 23 21:07:07 Z4S-SW26 kernel: [    0.005206] ACPI: SSDT 0x0000000074AFF000 0007F2 (v02 BLD    UsbCTabl 00001000 INTL 20191018)
May 23 21:07:07 Z4S-SW26 kernel: [    0.005209] ACPI: BATB 0x0000000074AFE000 00004A (v02 BLD    OEMTABLE 00000000 ACPI 00000002)
May 23 21:07:07 Z4S-SW26 kernel: [    0.005212] ACPI: DMAR 0x00000000731FC000 000088 (v02 BLD    OEMTABLE 00000002 ACPI 00000002)
May 23 21:07:07 Z4S-SW26 kernel: [    0.005216] ACPI: SSDT 0x00000000731FA000 000144 (v02 BLD    ADebTabl 00001000 INTL 20191018)
May 23 21:07:07 Z4S-SW26 kernel: [    0.005219] ACPI: BGRT 0x00000000731F9000 000038 (v01 BLD    OEMTABLE 00000002 ACPI 00000002)
May 23 21:07:07 Z4S-SW26 kernel: [    0.005222] ACPI: UEFI 0x0000000077F6A000 000076 (v01 BLD    OEMTABLE 00000001 ACPI 00000002)
May 23 21:07:07 Z4S-SW26 kernel: [    0.005226] ACPI: FPDT 0x00000000731F8000 000044 (v01 BLD    OEMTABLE 00000002 ACPI 00000002)
May 23 21:07:07 Z4S-SW26 kernel: [    0.005228] ACPI: Reserving FACP table memory at [mem 0x74b7d000-0x74b7d113]
May 23 21:07:07 Z4S-SW26 kernel: [    0.005230] ACPI: Reserving DSDT table memory at [mem 0x74b35000-0x74b785d8]
May 23 21:07:07 Z4S-SW26 kernel: [    0.005232] ACPI: Reserving FACS table memory at [mem 0x7880f000-0x7880f03f]
May 23 21:07:07 Z4S-SW26 kernel: [    0.005233] ACPI: Reserving SSDT table memory at [mem 0x74bfc000-0x74bfe5ed]
May 23 21:07:07 Z4S-SW26 kernel: [    0.005235] ACPI: Reserving SSDT table memory at [mem 0x74b98000-0x74b987e5]
May 23 21:07:07 Z4S-SW26 kernel: [    0.005236] ACPI: Reserving HPET table memory at [mem 0x74b7c000-0x74b7c037]
May 23 21:07:07 Z4S-SW26 kernel: [    0.005237] ACPI: Reserving APIC table memory at [mem 0x74b7b000-0x74b7b12b]
May 23 21:07:07 Z4S-SW26 kernel: [    0.005238] ACPI: Reserving MCFG table memory at [mem 0x74b7a000-0x74b7a03b]
May 23 21:07:07 Z4S-SW26 kernel: [    0.005240] ACPI: Reserving PRAM table memory at [mem 0x74b79000-0x74b7902f]
May 23 21:07:07 Z4S-SW26 kernel: [    0.005241] ACPI: Reserving SSDT table memory at [mem 0x74b34000-0x74b34cf0]
May 23 21:07:07 Z4S-SW26 kernel: [    0.005242] ACPI: Reserving SSDT table memory at [mem 0x74b33000-0x74b33524]
May 23 21:07:07 Z4S-SW26 kernel: [    0.005243] ACPI: Reserving NHLT table memory at [mem 0x74b32000-0x74b3202c]
May 23 21:07:07 Z4S-SW26 kernel: [    0.005245] ACPI: Reserving SSDT table memory at [mem 0x74b2f000-0x74b30d28]
May 23 21:07:07 Z4S-SW26 kernel: [    0.005246] ACPI: Reserving SSDT table memory at [mem 0x74b2b000-0x74b2e2cc]
May 23 21:07:07 Z4S-SW26 kernel: [    0.005247] ACPI: Reserving LPIT table memory at [mem 0x74b29000-0x74b29093]
May 23 21:07:07 Z4S-SW26 kernel: [    0.005248] ACPI: Reserving WSMT table memory at [mem 0x74b28000-0x74b28027]
May 23 21:07:07 Z4S-SW26 kernel: [    0.005249] ACPI: Reserving SSDT table memory at [mem 0x74b27000-0x74b27b6f]
May 23 21:07:07 Z4S-SW26 kernel: [    0.005251] ACPI: Reserving SSDT table memory at [mem 0x74b26000-0x74b26121]
May 23 21:07:07 Z4S-SW26 kernel: [    0.005252] ACPI: Reserving DBGP table memory at [mem 0x74b25000-0x74b25033]
May 23 21:07:07 Z4S-SW26 kernel: [    0.005253] ACPI: Reserving DBG2 table memory at [mem 0x74b24000-0x74b24053]
May 23 21:07:07 Z4S-SW26 kernel: [    0.005254] ACPI: Reserving POAT table memory at [mem 0x74b23000-0x74b23054]
May 23 21:07:07 Z4S-SW26 kernel: [    0.005256] ACPI: Reserving SSDT table memory at [mem 0x74aff000-0x74aff7f1]
May 23 21:07:07 Z4S-SW26 kernel: [    0.005257] ACPI: Reserving BATB table memory at [mem 0x74afe000-0x74afe049]
May 23 21:07:07 Z4S-SW26 kernel: [    0.005258] ACPI: Reserving DMAR table memory at [mem 0x731fc000-0x731fc087]
May 23 21:07:07 Z4S-SW26 kernel: [    0.005259] ACPI: Reserving SSDT table memory at [mem 0x731fa000-0x731fa143]
May 23 21:07:07 Z4S-SW26 kernel: [    0.005261] ACPI: Reserving BGRT table memory at [mem 0x731f9000-0x731f9037]
May 23 21:07:07 Z4S-SW26 kernel: [    0.005262] ACPI: Reserving UEFI table memory at [mem 0x77f6a000-0x77f6a075]
May 23 21:07:07 Z4S-SW26 kernel: [    0.005263] ACPI: Reserving FPDT table memory at [mem 0x731f8000-0x731f8043]
May 23 21:07:07 Z4S-SW26 kernel: [    0.005519] No NUMA configuration found
May 23 21:07:07 Z4S-SW26 kernel: [    0.005521] Faking a node at [mem 0x0000000000000000-0x00000004803fffff]
May 23 21:07:07 Z4S-SW26 kernel: [    0.005531] NODE_DATA(0) allocated [mem 0x4803c8000-0x4803f2fff]
May 23 21:07:07 Z4S-SW26 kernel: [    0.005831] Zone ranges:
May 23 21:07:07 Z4S-SW26 kernel: [    0.005833]   DMA      [mem 0x0000000000001000-0x0000000000ffffff]
May 23 21:07:07 Z4S-SW26 kernel: [    0.005836]   DMA32    [mem 0x0000000001000000-0x00000000ffffffff]
May 23 21:07:07 Z4S-SW26 kernel: [    0.005838]   Normal   [mem 0x0000000100000000-0x00000004803fffff]
May 23 21:07:07 Z4S-SW26 kernel: [    0.005840]   Device   empty
May 23 21:07:07 Z4S-SW26 kernel: [    0.005841] Movable zone start for each node
May 23 21:07:07 Z4S-SW26 kernel: [    0.005844] Early memory node ranges
May 23 21:07:07 Z4S-SW26 kernel: [    0.005845]   node   0: [mem 0x0000000000001000-0x000000000009efff]
May 23 21:07:07 Z4S-SW26 kernel: [    0.005847]   node   0: [mem 0x0000000000100000-0x0000000072a38fff]
May 23 21:07:07 Z4S-SW26 kernel: [    0.005848]   node   0: [mem 0x0000000078bff000-0x0000000078bfffff]
May 23 21:07:07 Z4S-SW26 kernel: [    0.005850]   node   0: [mem 0x0000000100000000-0x00000004803fffff]
May 23 21:07:07 Z4S-SW26 kernel: [    0.005852] Initmem setup node 0 [mem 0x0000000000001000-0x00000004803fffff]
May 23 21:07:07 Z4S-SW26 kernel: [    0.005858] On node 0, zone DMA: 1 pages in unavailable ranges
May 23 21:07:07 Z4S-SW26 kernel: [    0.005887] On node 0, zone DMA: 97 pages in unavailable ranges
May 23 21:07:07 Z4S-SW26 kernel: [    0.009647] On node 0, zone DMA32: 25030 pages in unavailable ranges
May 23 21:07:07 Z4S-SW26 kernel: [    0.037764] On node 0, zone Normal: 29696 pages in unavailable ranges
May 23 21:07:07 Z4S-SW26 kernel: [    0.038109] On node 0, zone Normal: 31744 pages in unavailable ranges
May 23 21:07:07 Z4S-SW26 kernel: [    0.038134] Reserving Intel graphics memory at [mem 0x7c000000-0x7fbfffff]
May 23 21:07:07 Z4S-SW26 kernel: [    0.038310] ACPI: PM-Timer IO Port: 0x1808
May 23 21:07:07 Z4S-SW26 kernel: [    0.038321] ACPI: LAPIC_NMI (acpi_id[0x01] high edge lint[0x1])
May 23 21:07:07 Z4S-SW26 kernel: [    0.038323] ACPI: LAPIC_NMI (acpi_id[0x02] high edge lint[0x1])
May 23 21:07:07 Z4S-SW26 kernel: [    0.038325] ACPI: LAPIC_NMI (acpi_id[0x03] high edge lint[0x1])
May 23 21:07:07 Z4S-SW26 kernel: [    0.038326] ACPI: LAPIC_NMI (acpi_id[0x04] high edge lint[0x1])
May 23 21:07:07 Z4S-SW26 kernel: [    0.038327] ACPI: LAPIC_NMI (acpi_id[0x05] high edge lint[0x1])
May 23 21:07:07 Z4S-SW26 kernel: [    0.038328] ACPI: LAPIC_NMI (acpi_id[0x06] high edge lint[0x1])
May 23 21:07:07 Z4S-SW26 kernel: [    0.038329] ACPI: LAPIC_NMI (acpi_id[0x07] high edge lint[0x1])
May 23 21:07:07 Z4S-SW26 kernel: [    0.038330] ACPI: LAPIC_NMI (acpi_id[0x08] high edge lint[0x1])
May 23 21:07:07 Z4S-SW26 kernel: [    0.038331] ACPI: LAPIC_NMI (acpi_id[0x09] high edge lint[0x1])
May 23 21:07:07 Z4S-SW26 kernel: [    0.038332] ACPI: LAPIC_NMI (acpi_id[0x0a] high edge lint[0x1])
May 23 21:07:07 Z4S-SW26 kernel: [    0.038333] ACPI: LAPIC_NMI (acpi_id[0x0b] high edge lint[0x1])
May 23 21:07:07 Z4S-SW26 kernel: [    0.038334] ACPI: LAPIC_NMI (acpi_id[0x0c] high edge lint[0x1])
May 23 21:07:07 Z4S-SW26 kernel: [    0.038335] ACPI: LAPIC_NMI (acpi_id[0x0d] high edge lint[0x1])
May 23 21:07:07 Z4S-SW26 kernel: [    0.038336] ACPI: LAPIC_NMI (acpi_id[0x0e] high edge lint[0x1])
May 23 21:07:07 Z4S-SW26 kernel: [    0.038337] ACPI: LAPIC_NMI (acpi_id[0x0f] high edge lint[0x1])
May 23 21:07:07 Z4S-SW26 kernel: [    0.038338] ACPI: LAPIC_NMI (acpi_id[0x10] high edge lint[0x1])
May 23 21:07:07 Z4S-SW26 kernel: [    0.038369] IOAPIC[0]: apic_id 2, version 32, address 0xfec00000, GSI 0-119
May 23 21:07:07 Z4S-SW26 kernel: [    0.038373] ACPI: INT_SRC_OVR (bus 0 bus_irq 0 global_irq 2 dfl dfl)
May 23 21:07:07 Z4S-SW26 kernel: [    0.038375] ACPI: INT_SRC_OVR (bus 0 bus_irq 9 global_irq 9 high level)
May 23 21:07:07 Z4S-SW26 kernel: [    0.038379] ACPI: Using ACPI (MADT) for SMP configuration information
May 23 21:07:07 Z4S-SW26 kernel: [    0.038381] ACPI: HPET id: 0x8086a201 base: 0xfed00000
May 23 21:07:07 Z4S-SW26 kernel: [    0.038391] e820: update [mem 0x6f4e6000-0x6f726fff] usable ==> reserved
May 23 21:07:07 Z4S-SW26 kernel: [    0.038402] TSC deadline timer available
May 23 21:07:07 Z4S-SW26 kernel: [    0.038404] smpboot: Allowing 4 CPUs, 0 hotplug CPUs
May 23 21:07:07 Z4S-SW26 kernel: [    0.038421] PM: hibernation: Registered nosave memory: [mem 0x00000000-0x00000fff]
May 23 21:07:07 Z4S-SW26 kernel: [    0.038424] PM: hibernation: Registered nosave memory: [mem 0x0009f000-0x000fffff]
May 23 21:07:07 Z4S-SW26 kernel: [    0.038426] PM: hibernation: Registered nosave memory: [mem 0x6d40e000-0x6d40efff]
May 23 21:07:07 Z4S-SW26 kernel: [    0.038428] PM: hibernation: Registered nosave memory: [mem 0x6d443000-0x6d443fff]
May 23 21:07:07 Z4S-SW26 kernel: [    0.038430] PM: hibernation: Registered nosave memory: [mem 0x6d444000-0x6d444fff]
May 23 21:07:07 Z4S-SW26 kernel: [    0.038431] PM: hibernation: Registered nosave memory: [mem 0x6d479000-0x6d479fff]
May 23 21:07:07 Z4S-SW26 kernel: [    0.038433] PM: hibernation: Registered nosave memory: [mem 0x6f4e6000-0x6f726fff]
May 23 21:07:07 Z4S-SW26 kernel: [    0.038435] PM: hibernation: Registered nosave memory: [mem 0x6ffcb000-0x6ffcbfff]
May 23 21:07:07 Z4S-SW26 kernel: [    0.038437] PM: hibernation: Registered nosave memory: [mem 0x70d4b000-0x70d4bfff]
May 23 21:07:07 Z4S-SW26 kernel: [    0.038439] PM: hibernation: Registered nosave memory: [mem 0x72a39000-0x77ce4fff]
May 23 21:07:07 Z4S-SW26 kernel: [    0.038440] PM: hibernation: Registered nosave memory: [mem 0x77ce5000-0x7897efff]
May 23 21:07:07 Z4S-SW26 kernel: [    0.038441] PM: hibernation: Registered nosave memory: [mem 0x7897f000-0x78bfefff]
May 23 21:07:07 Z4S-SW26 kernel: [    0.038443] PM: hibernation: Registered nosave memory: [mem 0x78c00000-0x7fbfffff]
May 23 21:07:07 Z4S-SW26 kernel: [    0.038444] PM: hibernation: Registered nosave memory: [mem 0x7fc00000-0xfed1ffff]
May 23 21:07:07 Z4S-SW26 kernel: [    0.038445] PM: hibernation: Registered nosave memory: [mem 0xfed20000-0xfed7ffff]
May 23 21:07:07 Z4S-SW26 kernel: [    0.038446] PM: hibernation: Registered nosave memory: [mem 0xfed80000-0xffffffff]
May 23 21:07:07 Z4S-SW26 kernel: [    0.038448] [mem 0x7fc00000-0xfed1ffff] available for PCI devices
May 23 21:07:07 Z4S-SW26 kernel: [    0.038450] Booting paravirtualized kernel on bare hardware
May 23 21:07:07 Z4S-SW26 kernel: [    0.038453] clocksource: refined-jiffies: mask: 0xffffffff max_cycles: 0xffffffff, max_idle_ns: 7645519600211568 ns
May 23 21:07:07 Z4S-SW26 kernel: [    0.038462] setup_percpu: NR_CPUS:8192 nr_cpumask_bits:4 nr_cpu_ids:4 nr_node_ids:1
May 23 21:07:07 Z4S-SW26 kernel: [    0.038783] percpu: Embedded 61 pages/cpu s212992 r8192 d28672 u524288
May 23 21:07:07 Z4S-SW26 kernel: [    0.038791] pcpu-alloc: s212992 r8192 d28672 u524288 alloc=1*2097152
May 23 21:07:07 Z4S-SW26 kernel: [    0.038794] pcpu-alloc: [0] 0 1 2 3 
May 23 21:07:07 Z4S-SW26 kernel: [    0.038826] Fallback order for Node 0: 0 
May 23 21:07:07 Z4S-SW26 kernel: [    0.038830] Built 1 zonelists, mobility grouping on.  Total pages: 4075649
May 23 21:07:07 Z4S-SW26 kernel: [    0.038832] Policy zone: Normal
May 23 21:07:07 Z4S-SW26 kernel: [    0.038833] Kernel command line: BOOT_IMAGE=/boot/vmlinuz-5.17.13-generic root=UUID=713ab60e-860f-4aa1-bdfe-f153dcae01ab ro net.ifnames=0 biosdevname=0
May 23 21:07:07 Z4S-SW26 kernel: [    0.038897] Unknown kernel command line parameters "BOOT_IMAGE=/boot/vmlinuz-5.17.13-generic biosdevname=0", will be passed to user space.
May 23 21:07:07 Z4S-SW26 kernel: [    0.040791] Dentry cache hash table entries: 2097152 (order: 12, 16777216 bytes, linear)
May 23 21:07:07 Z4S-SW26 kernel: [    0.041752] Inode-cache hash table entries: 1048576 (order: 11, 8388608 bytes, linear)
May 23 21:07:07 Z4S-SW26 kernel: [    0.041797] mem auto-init: stack:off, heap alloc:on, heap free:off
May 23 21:07:07 Z4S-SW26 kernel: [    0.101718] Memory: 16069684K/16562016K available (16392K kernel code, 4510K rwdata, 10644K rodata, 2664K init, 4956K bss, 492072K reserved, 0K cma-reserved)
May 23 21:07:07 Z4S-SW26 kernel: [    0.102544] SLUB: HWalign=64, Order=0-3, MinObjects=0, CPUs=4, Nodes=1
May 23 21:07:07 Z4S-SW26 kernel: [    0.102576] ftrace: allocating 48647 entries in 191 pages
May 23 21:07:07 Z4S-SW26 kernel: [    0.109915] ftrace: allocated 191 pages with 7 groups
May 23 21:07:07 Z4S-SW26 kernel: [    0.110754] Dynamic Preempt: voluntary
May 23 21:07:07 Z4S-SW26 kernel: [    0.110825] rcu: Preemptible hierarchical RCU implementation.
May 23 21:07:07 Z4S-SW26 kernel: [    0.110826] rcu: 	RCU restricting CPUs from NR_CPUS=8192 to nr_cpu_ids=4.
May 23 21:07:07 Z4S-SW26 kernel: [    0.110828] 	Trampoline variant of Tasks RCU enabled.
May 23 21:07:07 Z4S-SW26 kernel: [    0.110829] 	Rude variant of Tasks RCU enabled.
May 23 21:07:07 Z4S-SW26 kernel: [    0.110830] 	Tracing variant of Tasks RCU enabled.
May 23 21:07:07 Z4S-SW26 kernel: [    0.110831] rcu: RCU calculated value of scheduler-enlistment delay is 25 jiffies.
May 23 21:07:07 Z4S-SW26 kernel: [    0.110832] rcu: Adjusting geometry for rcu_fanout_leaf=16, nr_cpu_ids=4
May 23 21:07:07 Z4S-SW26 kernel: [    0.115408] NR_IRQS: 524544, nr_irqs: 1024, preallocated irqs: 16
May 23 21:07:07 Z4S-SW26 kernel: [    0.115801] random: crng init done
May 23 21:07:07 Z4S-SW26 kernel: [    0.115829] Console: colour dummy device 80x25
May 23 21:07:07 Z4S-SW26 kernel: [    0.116120] printk: console [tty0] enabled
May 23 21:07:07 Z4S-SW26 kernel: [    0.116141] ACPI: Core revision 20211217
May 23 21:07:07 Z4S-SW26 kernel: [    0.116584] clocksource: hpet: mask: 0xffffffff max_cycles: 0xffffffff, max_idle_ns: 99544814920 ns
May 23 21:07:07 Z4S-SW26 kernel: [    0.116682] APIC: Switch to symmetric I/O mode setup
May 23 21:07:07 Z4S-SW26 kernel: [    0.116686] DMAR: Host address width 39
May 23 21:07:07 Z4S-SW26 kernel: [    0.116688] DMAR: DRHD base: 0x000000fed90000 flags: 0x0
May 23 21:07:07 Z4S-SW26 kernel: [    0.116696] DMAR: dmar0: reg_base_addr fed90000 ver 4:0 cap 1c0000c40660462 ecap 49e2ff0505e
May 23 21:07:07 Z4S-SW26 kernel: [    0.116700] DMAR: DRHD base: 0x000000fed91000 flags: 0x1
May 23 21:07:07 Z4S-SW26 kernel: [    0.116706] DMAR: dmar1: reg_base_addr fed91000 ver 1:0 cap d2008c40660462 ecap f050da
May 23 21:07:07 Z4S-SW26 kernel: [    0.116711] DMAR: RMRR base: 0x0000007b800000 end: 0x0000007fbfffff
May 23 21:07:07 Z4S-SW26 kernel: [    0.116715] DMAR-IR: IOAPIC id 2 under DRHD base  0xfed91000 IOMMU 1
May 23 21:07:07 Z4S-SW26 kernel: [    0.116718] DMAR-IR: HPET id 0 under DRHD base 0xfed91000
May 23 21:07:07 Z4S-SW26 kernel: [    0.116720] DMAR-IR: Queued invalidation will be enabled to support x2apic and Intr-remapping.
May 23 21:07:07 Z4S-SW26 kernel: [    0.118459] DMAR-IR: Enabled IRQ remapping in x2apic mode
May 23 21:07:07 Z4S-SW26 kernel: [    0.118465] x2apic enabled
May 23 21:07:07 Z4S-SW26 kernel: [    0.118494] Switched APIC routing to cluster x2apic.
May 23 21:07:07 Z4S-SW26 kernel: [    0.122972] ..TIMER: vector=0x30 apic1=0 pin1=2 apic2=-1 pin2=-1
May 23 21:07:07 Z4S-SW26 kernel: [    0.140650] clocksource: tsc-early: mask: 0xffffffffffffffff max_cycles: 0x3990bec8342, max_idle_ns: 881590769617 ns
May 23 21:07:07 Z4S-SW26 kernel: [    0.140660] Calibrating delay loop (skipped), value calculated using timer frequency.. 3993.60 BogoMIPS (lpj=7987200)
May 23 21:07:07 Z4S-SW26 kernel: [    0.140666] pid_max: default: 32768 minimum: 301
May 23 21:07:07 Z4S-SW26 kernel: [    0.142610] LSM: Security Framework initializing
May 23 21:07:07 Z4S-SW26 kernel: [    0.142624] landlock: Up and running.
May 23 21:07:07 Z4S-SW26 kernel: [    0.142626] Yama: becoming mindful.
May 23 21:07:07 Z4S-SW26 kernel: [    0.142654] AppArmor: AppArmor initialized
May 23 21:07:07 Z4S-SW26 kernel: [    0.142719] Mount-cache hash table entries: 32768 (order: 6, 262144 bytes, linear)
May 23 21:07:07 Z4S-SW26 kernel: [    0.142753] Mountpoint-cache hash table entries: 32768 (order: 6, 262144 bytes, linear)
May 23 21:07:07 Z4S-SW26 kernel: [    0.142996] CPU0: Thermal monitoring enabled (TM1)
May 23 21:07:07 Z4S-SW26 kernel: [    0.143000] x86/cpu: User Mode Instruction Prevention (UMIP) activated
May 23 21:07:07 Z4S-SW26 kernel: [    0.143055] process: using mwait in idle threads
May 23 21:07:07 Z4S-SW26 kernel: [    0.143059] Last level iTLB entries: 4KB 0, 2MB 0, 4MB 0
May 23 21:07:07 Z4S-SW26 kernel: [    0.143061] Last level dTLB entries: 4KB 0, 2MB 0, 4MB 0, 1GB 0
May 23 21:07:07 Z4S-SW26 kernel: [    0.143066] Spectre V1 : Mitigation: usercopy/swapgs barriers and __user pointer sanitization
May 23 21:07:07 Z4S-SW26 kernel: [    0.143070] Spectre V2 : Mitigation: Enhanced IBRS
May 23 21:07:07 Z4S-SW26 kernel: [    0.143072] Spectre V2 : Spectre v2 / SpectreRSB mitigation: Filling RSB on context switch
May 23 21:07:07 Z4S-SW26 kernel: [    0.143075] Spectre V2 : mitigation: Enabling conditional Indirect Branch Prediction Barrier
May 23 21:07:07 Z4S-SW26 kernel: [    0.143079] Speculative Store Bypass: Mitigation: Speculative Store Bypass disabled via prctl
May 23 21:07:07 Z4S-SW26 kernel: [    0.148488] Freeing SMP alternatives memory: 40K
May 23 21:07:07 Z4S-SW26 kernel: [    0.148756] smpboot: Estimated ratio of average max frequency by base frequency (times 1024): 1433
May 23 21:07:07 Z4S-SW26 kernel: [    0.148783] smpboot: CPU0: Intel(R) Celeron(R) N5105 @ 2.00GHz (family: 0x6, model: 0x9c, stepping: 0x0)
May 23 21:07:07 Z4S-SW26 kernel: [    0.148943] cblist_init_generic: Setting adjustable number of callback queues.
May 23 21:07:07 Z4S-SW26 kernel: [    0.148947] cblist_init_generic: Setting shift to 2 and lim to 1.
May 23 21:07:07 Z4S-SW26 kernel: [    0.148971] cblist_init_generic: Setting shift to 2 and lim to 1.
May 23 21:07:07 Z4S-SW26 kernel: [    0.148989] cblist_init_generic: Setting shift to 2 and lim to 1.
May 23 21:07:07 Z4S-SW26 kernel: [    0.149006] Performance Events: PEBS fmt4+-baseline, PEBS-via-PT,  AnyThread deprecated, Tremont events, 32-deep LBR, full-width counters, Intel PMU driver.
May 23 21:07:07 Z4S-SW26 kernel: [    0.149035] ... version:                5
May 23 21:07:07 Z4S-SW26 kernel: [    0.149037] ... bit width:              48
May 23 21:07:07 Z4S-SW26 kernel: [    0.149039] ... generic registers:      4
May 23 21:07:07 Z4S-SW26 kernel: [    0.149040] ... value mask:             0000ffffffffffff
May 23 21:07:07 Z4S-SW26 kernel: [    0.149042] ... max period:             00007fffffffffff
May 23 21:07:07 Z4S-SW26 kernel: [    0.149044] ... fixed-purpose events:   3
May 23 21:07:07 Z4S-SW26 kernel: [    0.149046] ... event mask:             000000070000000f
May 23 21:07:07 Z4S-SW26 kernel: [    0.149139] rcu: Hierarchical SRCU implementation.
May 23 21:07:07 Z4S-SW26 kernel: [    0.149800] NMI watchdog: Enabled. Permanently consumes one hw-PMU counter.
May 23 21:07:07 Z4S-SW26 kernel: [    0.149873] smp: Bringing up secondary CPUs ...
May 23 21:07:07 Z4S-SW26 kernel: [    0.149998] x86: Booting SMP configuration:
May 23 21:07:07 Z4S-SW26 kernel: [    0.150001] .... node  #0, CPUs:      #1 #2 #3
May 23 21:07:07 Z4S-SW26 kernel: [    0.150501] smp: Brought up 1 node, 4 CPUs
May 23 21:07:07 Z4S-SW26 kernel: [    0.150501] smpboot: Max logical packages: 1
May 23 21:07:07 Z4S-SW26 kernel: [    0.150501] smpboot: Total of 4 processors activated (15974.40 BogoMIPS)
May 23 21:07:07 Z4S-SW26 kernel: [    0.152825] devtmpfs: initialized
May 23 21:07:07 Z4S-SW26 kernel: [    0.152825] x86/mm: Memory block size: 128MB
May 23 21:07:07 Z4S-SW26 kernel: [    0.153847] ACPI: PM: Registering ACPI NVS region [mem 0x77ce5000-0x7897efff] (13213696 bytes)
May 23 21:07:07 Z4S-SW26 kernel: [    0.153847] clocksource: jiffies: mask: 0xffffffff max_cycles: 0xffffffff, max_idle_ns: 7645041785100000 ns
May 23 21:07:07 Z4S-SW26 kernel: [    0.153847] futex hash table entries: 1024 (order: 4, 65536 bytes, linear)
May 23 21:07:07 Z4S-SW26 kernel: [    0.153847] pinctrl core: initialized pinctrl subsystem
May 23 21:07:07 Z4S-SW26 kernel: [    0.153847] PM: RTC time: 13:06:42, date: 2023-05-23
May 23 21:07:07 Z4S-SW26 kernel: [    0.153847] NET: Registered PF_NETLINK/PF_ROUTE protocol family
May 23 21:07:07 Z4S-SW26 kernel: [    0.153847] DMA: preallocated 2048 KiB GFP_KERNEL pool for atomic allocations
May 23 21:07:07 Z4S-SW26 kernel: [    0.153889] DMA: preallocated 2048 KiB GFP_KERNEL|GFP_DMA pool for atomic allocations
May 23 21:07:07 Z4S-SW26 kernel: [    0.154145] DMA: preallocated 2048 KiB GFP_KERNEL|GFP_DMA32 pool for atomic allocations
May 23 21:07:07 Z4S-SW26 kernel: [    0.154164] audit: initializing netlink subsys (disabled)
May 23 21:07:07 Z4S-SW26 kernel: [    0.154182] audit: type=2000 audit(1684847202.036:1): state=initialized audit_enabled=0 res=1
May 23 21:07:07 Z4S-SW26 kernel: [    0.154182] thermal_sys: Registered thermal governor 'fair_share'
May 23 21:07:07 Z4S-SW26 kernel: [    0.154182] thermal_sys: Registered thermal governor 'bang_bang'
May 23 21:07:07 Z4S-SW26 kernel: [    0.154182] thermal_sys: Registered thermal governor 'step_wise'
May 23 21:07:07 Z4S-SW26 kernel: [    0.154182] thermal_sys: Registered thermal governor 'user_space'
May 23 21:07:07 Z4S-SW26 kernel: [    0.154182] thermal_sys: Registered thermal governor 'power_allocator'
May 23 21:07:07 Z4S-SW26 kernel: [    0.154182] cpuidle: using governor ladder
May 23 21:07:07 Z4S-SW26 kernel: [    0.154182] cpuidle: using governor menu
May 23 21:07:07 Z4S-SW26 kernel: [    0.154182] ACPI FADT declares the system doesn't support PCIe ASPM, so disable it
May 23 21:07:07 Z4S-SW26 kernel: [    0.154182] acpiphp: ACPI Hot Plug PCI Controller Driver version: 0.5
May 23 21:07:07 Z4S-SW26 kernel: [    0.154182] PCI: MMCONFIG for domain 0000 [bus 00-ff] at [mem 0xc0000000-0xcfffffff] (base 0xc0000000)
May 23 21:07:07 Z4S-SW26 kernel: [    0.154182] PCI: not using MMCONFIG
May 23 21:07:07 Z4S-SW26 kernel: [    0.154182] PCI: Using configuration type 1 for base access
May 23 21:07:07 Z4S-SW26 kernel: [    0.154182] ENERGY_PERF_BIAS: Set to 'normal', was 'performance'
May 23 21:07:07 Z4S-SW26 kernel: [    0.157773] kprobes: kprobe jump-optimization is enabled. All kprobes are optimized if possible.
May 23 21:07:07 Z4S-SW26 kernel: [    0.157782] HugeTLB registered 2.00 MiB page size, pre-allocated 0 pages
May 23 21:07:07 Z4S-SW26 kernel: [    0.157782] fbcon: Taking over console
May 23 21:07:07 Z4S-SW26 kernel: [    0.157782] ACPI: Added _OSI(Module Device)
May 23 21:07:07 Z4S-SW26 kernel: [    0.157782] ACPI: Added _OSI(Processor Device)
May 23 21:07:07 Z4S-SW26 kernel: [    0.157782] ACPI: Added _OSI(3.0 _SCP Extensions)
May 23 21:07:07 Z4S-SW26 kernel: [    0.157782] ACPI: Added _OSI(Processor Aggregator Device)
May 23 21:07:07 Z4S-SW26 kernel: [    0.157782] ACPI: Added _OSI(Linux-Dell-Video)
May 23 21:07:07 Z4S-SW26 kernel: [    0.157782] ACPI: Added _OSI(Linux-Lenovo-NV-HDMI-Audio)
May 23 21:07:07 Z4S-SW26 kernel: [    0.157782] ACPI: Added _OSI(Linux-HPI-Hybrid-Graphics)
May 23 21:07:07 Z4S-SW26 kernel: [    0.232956] ACPI: 11 ACPI AML tables successfully acquired and loaded
May 23 21:07:07 Z4S-SW26 kernel: [    0.241650] ACPI: Dynamic OEM Table Load:
May 23 21:07:07 Z4S-SW26 kernel: [    0.241663] ACPI: SSDT 0xFFFF9775001F3A00 0001B8 (v02 PmRef  Cpu0Psd  00003000 INTL 20191018)
May 23 21:07:07 Z4S-SW26 kernel: [    0.242916] ACPI: \_SB_.PR00: _OSC native thermal LVT Acked
May 23 21:07:07 Z4S-SW26 kernel: [    0.246299] ACPI: Dynamic OEM Table Load:
May 23 21:07:07 Z4S-SW26 kernel: [    0.246308] ACPI: SSDT 0xFFFF977500FDA800 000479 (v02 PmRef  Cpu0Ist  00003000 INTL 20191018)
May 23 21:07:07 Z4S-SW26 kernel: [    0.248250] ACPI: Dynamic OEM Table Load:
May 23 21:07:07 Z4S-SW26 kernel: [    0.248260] ACPI: SSDT 0xFFFF977500137000 0008E7 (v02 PmRef  ApIst    00003000 INTL 20191018)
May 23 21:07:07 Z4S-SW26 kernel: [    0.249942] ACPI: Dynamic OEM Table Load:
May 23 21:07:07 Z4S-SW26 kernel: [    0.249950] ACPI: SSDT 0xFFFF977500FDC800 00048A (v02 PmRef  ApHwp    00003000 INTL 20191018)
May 23 21:07:07 Z4S-SW26 kernel: [    0.251468] ACPI: Dynamic OEM Table Load:
May 23 21:07:07 Z4S-SW26 kernel: [    0.251477] ACPI: SSDT 0xFFFF977500FD8800 0004D2 (v02 PmRef  ApPsd    00003000 INTL 20191018)
May 23 21:07:07 Z4S-SW26 kernel: [    0.256774] ACPI: EC: EC started
May 23 21:07:07 Z4S-SW26 kernel: [    0.256777] ACPI: EC: interrupt blocked
May 23 21:07:07 Z4S-SW26 kernel: [    0.256827] ACPI: EC: EC_CMD/EC_SC=0x66, EC_DATA=0x62
May 23 21:07:07 Z4S-SW26 kernel: [    0.256831] ACPI: \_SB_.PC00.LPCB.EC00: Boot DSDT EC used to handle transactions
May 23 21:07:07 Z4S-SW26 kernel: [    0.256834] ACPI: Interpreter enabled
May 23 21:07:07 Z4S-SW26 kernel: [    0.256890] ACPI: PM: (supports S0 S3 S4 S5)
May 23 21:07:07 Z4S-SW26 kernel: [    0.256892] ACPI: Using IOAPIC for interrupt routing
May 23 21:07:07 Z4S-SW26 kernel: [    0.256943] PCI: MMCONFIG for domain 0000 [bus 00-ff] at [mem 0xc0000000-0xcfffffff] (base 0xc0000000)
May 23 21:07:07 Z4S-SW26 kernel: [    0.260337] PCI: MMCONFIG at [mem 0xc0000000-0xcfffffff] reserved in ACPI motherboard resources
May 23 21:07:07 Z4S-SW26 kernel: [    0.260355] PCI: Using host bridge windows from ACPI; if necessary, use "pci=nocrs" and report a bug
May 23 21:07:07 Z4S-SW26 kernel: [    0.263242] ACPI: Enabled 6 GPEs in block 00 to 7F
May 23 21:07:07 Z4S-SW26 kernel: [    0.280079] ACPI: PM: Power Resource [WRST]
May 23 21:07:07 Z4S-SW26 kernel: [    0.290915] acpi ABCD0000:00: ACPI dock station (docks/bays count: 1)
May 23 21:07:07 Z4S-SW26 kernel: [    0.296818] ACPI: PM: Power Resource [FN00]
May 23 21:07:07 Z4S-SW26 kernel: [    0.296916] ACPI: PM: Power Resource [FN01]
May 23 21:07:07 Z4S-SW26 kernel: [    0.297017] ACPI: PM: Power Resource [FN02]
May 23 21:07:07 Z4S-SW26 kernel: [    0.297114] ACPI: PM: Power Resource [FN03]
May 23 21:07:07 Z4S-SW26 kernel: [    0.297209] ACPI: PM: Power Resource [FN04]
May 23 21:07:07 Z4S-SW26 kernel: [    0.298058] ACPI: PM: Power Resource [PIN]
May 23 21:07:07 Z4S-SW26 kernel: [    0.298546] ACPI: PCI Root Bridge [PC00] (domain 0000 [bus 00-fe])
May 23 21:07:07 Z4S-SW26 kernel: [    0.298554] acpi PNP0A08:00: _OSC: OS supports [ExtendedConfig ASPM ClockPM Segments MSI HPX-Type3]
May 23 21:07:07 Z4S-SW26 kernel: [    0.298693] acpi PNP0A08:00: _OSC: platform does not support [PCIeHotplug SHPCHotplug PME]
May 23 21:07:07 Z4S-SW26 kernel: [    0.298945] acpi PNP0A08:00: _OSC: OS now controls [AER PCIeCapability LTR]
May 23 21:07:07 Z4S-SW26 kernel: [    0.298949] acpi PNP0A08:00: FADT indicates ASPM is unsupported, using BIOS configuration
May 23 21:07:07 Z4S-SW26 kernel: [    0.302114] PCI host bridge to bus 0000:00
May 23 21:07:07 Z4S-SW26 kernel: [    0.302117] pci_bus 0000:00: root bus resource [io  0x0000-0x0cf7 window]
May 23 21:07:07 Z4S-SW26 kernel: [    0.302121] pci_bus 0000:00: root bus resource [io  0x0d00-0xffff window]
May 23 21:07:07 Z4S-SW26 kernel: [    0.302124] pci_bus 0000:00: root bus resource [mem 0x000a0000-0x000bffff window]
May 23 21:07:07 Z4S-SW26 kernel: [    0.302127] pci_bus 0000:00: root bus resource [mem 0x7fc00000-0xbfffffff window]
May 23 21:07:07 Z4S-SW26 kernel: [    0.302130] pci_bus 0000:00: root bus resource [mem 0x4000000000-0x7fffffffff window]
May 23 21:07:07 Z4S-SW26 kernel: [    0.302133] pci_bus 0000:00: root bus resource [bus 00-fe]
May 23 21:07:07 Z4S-SW26 kernel: [    0.302384] pci 0000:00:00.0: [8086:4e24] type 00 class 0x060000
May 23 21:07:07 Z4S-SW26 kernel: [    0.302532] pci 0000:00:02.0: [8086:4e61] type 00 class 0x030000
May 23 21:07:07 Z4S-SW26 kernel: [    0.302545] pci 0000:00:02.0: reg 0x10: [mem 0x6000000000-0x6000ffffff 64bit]
May 23 21:07:07 Z4S-SW26 kernel: [    0.302554] pci 0000:00:02.0: reg 0x18: [mem 0x4000000000-0x400fffffff 64bit pref]
May 23 21:07:07 Z4S-SW26 kernel: [    0.302561] pci 0000:00:02.0: reg 0x20: [io  0x3000-0x303f]
May 23 21:07:07 Z4S-SW26 kernel: [    0.302582] pci 0000:00:02.0: BAR 2: assigned to efifb
May 23 21:07:07 Z4S-SW26 kernel: [    0.302585] pci 0000:00:02.0: DMAR: Skip IOMMU disabling for graphics
May 23 21:07:07 Z4S-SW26 kernel: [    0.302590] pci 0000:00:02.0: Video device with shadowed ROM at [mem 0x000c0000-0x000dffff]
May 23 21:07:07 Z4S-SW26 kernel: [    0.302792] pci 0000:00:04.0: [8086:4e03] type 00 class 0x118000
May 23 21:07:07 Z4S-SW26 kernel: [    0.302811] pci 0000:00:04.0: reg 0x10: [mem 0x6001110000-0x600111ffff 64bit]
May 23 21:07:07 Z4S-SW26 kernel: [    0.303173] pci 0000:00:14.0: [8086:4ded] type 00 class 0x0c0330
May 23 21:07:07 Z4S-SW26 kernel: [    0.303196] pci 0000:00:14.0: reg 0x10: [mem 0x6001100000-0x600110ffff 64bit]
May 23 21:07:07 Z4S-SW26 kernel: [    0.303273] pci 0000:00:14.0: PME# supported from D3hot D3cold
May 23 21:07:07 Z4S-SW26 kernel: [    0.303616] pci 0000:00:14.2: [8086:4def] type 00 class 0x050000
May 23 21:07:07 Z4S-SW26 kernel: [    0.303638] pci 0000:00:14.2: reg 0x10: [mem 0x6001124000-0x6001125fff 64bit]
May 23 21:07:07 Z4S-SW26 kernel: [    0.303653] pci 0000:00:14.2: reg 0x18: [mem 0x6001129000-0x6001129fff 64bit]
May 23 21:07:07 Z4S-SW26 kernel: [    0.303787] pci 0000:00:16.0: [8086:4de0] type 00 class 0x078000
May 23 21:07:07 Z4S-SW26 kernel: [    0.303811] pci 0000:00:16.0: reg 0x10: [mem 0x6001128000-0x6001128fff 64bit]
May 23 21:07:07 Z4S-SW26 kernel: [    0.303898] pci 0000:00:16.0: PME# supported from D3hot
May 23 21:07:07 Z4S-SW26 kernel: [    0.304423] pci 0000:00:1a.0: [8086:4dc4] type 00 class 0x080501
May 23 21:07:07 Z4S-SW26 kernel: [    0.304450] pci 0000:00:1a.0: reg 0x10: [mem 0x6001127000-0x6001127fff 64bit]
May 23 21:07:07 Z4S-SW26 kernel: [    0.304856] pci 0000:00:1c.0: [8086:4dbb] type 01 class 0x060400
May 23 21:07:07 Z4S-SW26 kernel: [    0.304968] pci 0000:00:1c.0: PME# supported from D0 D3hot D3cold
May 23 21:07:07 Z4S-SW26 kernel: [    0.305012] pci 0000:00:1c.0: PTM enabled (root), 4ns granularity
May 23 21:07:07 Z4S-SW26 kernel: [    0.305764] pci 0000:00:1c.4: [8086:4dbc] type 01 class 0x060400
May 23 21:07:07 Z4S-SW26 kernel: [    0.305874] pci 0000:00:1c.4: PME# supported from D0 D3hot D3cold
May 23 21:07:07 Z4S-SW26 kernel: [    0.305913] pci 0000:00:1c.4: PTM enabled (root), 4ns granularity
May 23 21:07:07 Z4S-SW26 kernel: [    0.306655] pci 0000:00:1c.6: [8086:4dbe] type 01 class 0x060400
May 23 21:07:07 Z4S-SW26 kernel: [    0.306767] pci 0000:00:1c.6: PME# supported from D0 D3hot D3cold
May 23 21:07:07 Z4S-SW26 kernel: [    0.306810] pci 0000:00:1c.6: PTM enabled (root), 4ns granularity
May 23 21:07:07 Z4S-SW26 kernel: [    0.307557] pci 0000:00:1f.0: [8086:4d87] type 00 class 0x060100
May 23 21:07:07 Z4S-SW26 kernel: [    0.307927] pci 0000:00:1f.3: [8086:4dc8] type 00 class 0x040300
May 23 21:07:07 Z4S-SW26 kernel: [    0.307965] pci 0000:00:1f.3: reg 0x10: [mem 0x6001120000-0x6001123fff 64bit]
May 23 21:07:07 Z4S-SW26 kernel: [    0.308014] pci 0000:00:1f.3: reg 0x20: [mem 0x6001000000-0x60010fffff 64bit]
May 23 21:07:07 Z4S-SW26 kernel: [    0.308107] pci 0000:00:1f.3: PME# supported from D3hot D3cold
May 23 21:07:07 Z4S-SW26 kernel: [    0.308667] pci 0000:00:1f.4: [8086:4da3] type 00 class 0x0c0500
May 23 21:07:07 Z4S-SW26 kernel: [    0.308695] pci 0000:00:1f.4: reg 0x10: [mem 0x6001126000-0x60011260ff 64bit]
May 23 21:07:07 Z4S-SW26 kernel: [    0.308723] pci 0000:00:1f.4: reg 0x20: [io  0xefa0-0xefbf]
May 23 21:07:07 Z4S-SW26 kernel: [    0.309013] pci 0000:00:1f.5: [8086:4da4] type 00 class 0x0c8000
May 23 21:07:07 Z4S-SW26 kernel: [    0.309034] pci 0000:00:1f.5: reg 0x10: [mem 0xfe010000-0xfe010fff]
May 23 21:07:07 Z4S-SW26 kernel: [    0.309232] pci 0000:01:00.0: [8086:15f3] type 00 class 0x020000
May 23 21:07:07 Z4S-SW26 kernel: [    0.309257] pci 0000:01:00.0: reg 0x10: [mem 0x7ff00000-0x7fffffff]
May 23 21:07:07 Z4S-SW26 kernel: [    0.309293] pci 0000:01:00.0: reg 0x1c: [mem 0x80000000-0x80003fff]
May 23 21:07:07 Z4S-SW26 kernel: [    0.309330] pci 0000:01:00.0: reg 0x30: [mem 0xfff00000-0xffffffff pref]
May 23 21:07:07 Z4S-SW26 kernel: [    0.309441] pci 0000:01:00.0: PME# supported from D0 D3hot D3cold
May 23 21:07:07 Z4S-SW26 kernel: [    0.309601] pci 0000:00:1c.0: PCI bridge to [bus 01]
May 23 21:07:07 Z4S-SW26 kernel: [    0.309608] pci 0000:00:1c.0:   bridge window [mem 0x7ff00000-0x800fffff]
May 23 21:07:07 Z4S-SW26 kernel: [    0.309689] pci 0000:02:00.0: [197b:0585] type 00 class 0x010601
May 23 21:07:07 Z4S-SW26 kernel: [    0.309711] pci 0000:02:00.0: reg 0x10: [io  0x2200-0x227f]
May 23 21:07:07 Z4S-SW26 kernel: [    0.309724] pci 0000:02:00.0: reg 0x14: [io  0x2180-0x21ff]
May 23 21:07:07 Z4S-SW26 kernel: [    0.309737] pci 0000:02:00.0: reg 0x18: [io  0x2100-0x217f]
May 23 21:07:07 Z4S-SW26 kernel: [    0.309749] pci 0000:02:00.0: reg 0x1c: [io  0x2080-0x20ff]
May 23 21:07:07 Z4S-SW26 kernel: [    0.309762] pci 0000:02:00.0: reg 0x20: [io  0x2000-0x207f]
May 23 21:07:07 Z4S-SW26 kernel: [    0.309774] pci 0000:02:00.0: reg 0x24: [mem 0x7fe00000-0x7fe01fff]
May 23 21:07:07 Z4S-SW26 kernel: [    0.309787] pci 0000:02:00.0: reg 0x30: [mem 0xffff0000-0xffffffff pref]
May 23 21:07:07 Z4S-SW26 kernel: [    0.309887] pci 0000:02:00.0: PME# supported from D3hot
May 23 21:07:07 Z4S-SW26 kernel: [    0.310050] pci 0000:00:1c.4: PCI bridge to [bus 02]
May 23 21:07:07 Z4S-SW26 kernel: [    0.310055] pci 0000:00:1c.4:   bridge window [io  0x2000-0x2fff]
May 23 21:07:07 Z4S-SW26 kernel: [    0.310059] pci 0000:00:1c.4:   bridge window [mem 0x7fe00000-0x7fefffff]
May 23 21:07:07 Z4S-SW26 kernel: [    0.310149] pci 0000:03:00.0: [8086:15f3] type 00 class 0x020000
May 23 21:07:07 Z4S-SW26 kernel: [    0.310173] pci 0000:03:00.0: reg 0x10: [mem 0x7fc00000-0x7fcfffff]
May 23 21:07:07 Z4S-SW26 kernel: [    0.310210] pci 0000:03:00.0: reg 0x1c: [mem 0x7fd00000-0x7fd03fff]
May 23 21:07:07 Z4S-SW26 kernel: [    0.310247] pci 0000:03:00.0: reg 0x30: [mem 0xfff00000-0xffffffff pref]
May 23 21:07:07 Z4S-SW26 kernel: [    0.310357] pci 0000:03:00.0: PME# supported from D0 D3hot D3cold
May 23 21:07:07 Z4S-SW26 kernel: [    0.310513] pci 0000:00:1c.6: PCI bridge to [bus 03]
May 23 21:07:07 Z4S-SW26 kernel: [    0.310520] pci 0000:00:1c.6:   bridge window [mem 0x7fc00000-0x7fdfffff]
May 23 21:07:07 Z4S-SW26 kernel: [    0.326935] ACPI: EC: interrupt unblocked
May 23 21:07:07 Z4S-SW26 kernel: [    0.326940] ACPI: EC: event unblocked
May 23 21:07:07 Z4S-SW26 kernel: [    0.326961] ACPI: EC: EC_CMD/EC_SC=0x66, EC_DATA=0x62
May 23 21:07:07 Z4S-SW26 kernel: [    0.326964] ACPI: EC: GPE=0x6e
May 23 21:07:07 Z4S-SW26 kernel: [    0.326966] ACPI: \_SB_.PC00.LPCB.EC00: Boot DSDT EC initialization complete
May 23 21:07:07 Z4S-SW26 kernel: [    0.326970] ACPI: \_SB_.PC00.LPCB.EC00: EC: Used to handle transactions and events
May 23 21:07:07 Z4S-SW26 kernel: [    0.327049] iommu: Default domain type: Translated 
May 23 21:07:07 Z4S-SW26 kernel: [    0.327049] iommu: DMA domain TLB invalidation policy: lazy mode 
May 23 21:07:07 Z4S-SW26 kernel: [    0.327049] SCSI subsystem initialized
May 23 21:07:07 Z4S-SW26 kernel: [    0.327049] libata version 3.00 loaded.
May 23 21:07:07 Z4S-SW26 kernel: [    0.327049] pci 0000:00:02.0: vgaarb: setting as boot VGA device
May 23 21:07:07 Z4S-SW26 kernel: [    0.327049] pci 0000:00:02.0: vgaarb: VGA device added: decodes=io+mem,owns=io+mem,locks=none
May 23 21:07:07 Z4S-SW26 kernel: [    0.327049] pci 0000:00:02.0: vgaarb: bridge control possible
May 23 21:07:07 Z4S-SW26 kernel: [    0.327049] vgaarb: loaded
May 23 21:07:07 Z4S-SW26 kernel: [    0.327049] ACPI: bus type USB registered
May 23 21:07:07 Z4S-SW26 kernel: [    0.327049] usbcore: registered new interface driver usbfs
May 23 21:07:07 Z4S-SW26 kernel: [    0.327049] usbcore: registered new interface driver hub
May 23 21:07:07 Z4S-SW26 kernel: [    0.327049] usbcore: registered new device driver usb
May 23 21:07:07 Z4S-SW26 kernel: [    0.327049] pps_core: LinuxPPS API ver. 1 registered
May 23 21:07:07 Z4S-SW26 kernel: [    0.327049] pps_core: Software ver. 5.3.6 - Copyright 2005-2007 Rodolfo Giometti <giometti@linux.it>
May 23 21:07:07 Z4S-SW26 kernel: [    0.327049] PTP clock support registered
May 23 21:07:07 Z4S-SW26 kernel: [    0.327049] EDAC MC: Ver: 3.0.0
May 23 21:07:07 Z4S-SW26 kernel: [    0.327049] Registered efivars operations
May 23 21:07:07 Z4S-SW26 kernel: [    0.327049] NetLabel: Initializing
May 23 21:07:07 Z4S-SW26 kernel: [    0.327049] NetLabel:  domain hash size = 128
May 23 21:07:07 Z4S-SW26 kernel: [    0.327049] NetLabel:  protocols = UNLABELED CIPSOv4 CALIPSO
May 23 21:07:07 Z4S-SW26 kernel: [    0.327049] NetLabel:  unlabeled traffic allowed by default
May 23 21:07:07 Z4S-SW26 kernel: [    0.327049] mctp: management component transport protocol core
May 23 21:07:07 Z4S-SW26 kernel: [    0.327049] NET: Registered PF_MCTP protocol family
May 23 21:07:07 Z4S-SW26 kernel: [    0.327049] PCI: Using ACPI for IRQ routing
May 23 21:07:07 Z4S-SW26 kernel: [    0.346879] PCI: pci_cache_line_size set to 64 bytes
May 23 21:07:07 Z4S-SW26 kernel: [    0.346922] pci 0000:00:1f.5: can't claim BAR 0 [mem 0xfe010000-0xfe010fff]: no compatible bridge window
May 23 21:07:07 Z4S-SW26 kernel: [    0.346968] e820: reserve RAM buffer [mem 0x0009f000-0x0009ffff]
May 23 21:07:07 Z4S-SW26 kernel: [    0.346970] e820: reserve RAM buffer [mem 0x6d40e018-0x6fffffff]
May 23 21:07:07 Z4S-SW26 kernel: [    0.346971] e820: reserve RAM buffer [mem 0x6d444018-0x6fffffff]
May 23 21:07:07 Z4S-SW26 kernel: [    0.346972] e820: reserve RAM buffer [mem 0x6f4e6000-0x6fffffff]
May 23 21:07:07 Z4S-SW26 kernel: [    0.346973] e820: reserve RAM buffer [mem 0x6ffcb000-0x6fffffff]
May 23 21:07:07 Z4S-SW26 kernel: [    0.346974] e820: reserve RAM buffer [mem 0x70d4b000-0x73ffffff]
May 23 21:07:07 Z4S-SW26 kernel: [    0.346975] e820: reserve RAM buffer [mem 0x72a39000-0x73ffffff]
May 23 21:07:07 Z4S-SW26 kernel: [    0.346976] e820: reserve RAM buffer [mem 0x78c00000-0x7bffffff]
May 23 21:07:07 Z4S-SW26 kernel: [    0.346977] e820: reserve RAM buffer [mem 0x480400000-0x483ffffff]
May 23 21:07:07 Z4S-SW26 kernel: [    0.346982] hpet0: at MMIO 0xfed00000, IRQs 2, 8, 0, 0, 0, 0, 0, 0
May 23 21:07:07 Z4S-SW26 kernel: [    0.346982] hpet0: 8 comparators, 64-bit 19.200000 MHz counter
May 23 21:07:07 Z4S-SW26 kernel: [    0.348685] clocksource: Switched to clocksource tsc-early
May 23 21:07:07 Z4S-SW26 kernel: [    0.359800] VFS: Disk quotas dquot_6.6.0
May 23 21:07:07 Z4S-SW26 kernel: [    0.359817] VFS: Dquot-cache hash table entries: 512 (order 0, 4096 bytes)
May 23 21:07:07 Z4S-SW26 kernel: [    0.359943] AppArmor: AppArmor Filesystem Enabled
May 23 21:07:07 Z4S-SW26 kernel: [    0.359997] pnp: PnP ACPI init
May 23 21:07:07 Z4S-SW26 kernel: [    0.360332] system 00:00: [io  0x0680-0x069f] has been reserved
May 23 21:07:07 Z4S-SW26 kernel: [    0.360337] system 00:00: [io  0x164e-0x164f] has been reserved
May 23 21:07:07 Z4S-SW26 kernel: [    0.360491] system 00:01: [io  0x1854-0x1857] has been reserved
May 23 21:07:07 Z4S-SW26 kernel: [    0.361548] system 00:02: [mem 0xfea80000-0xfeafffff] has been reserved
May 23 21:07:07 Z4S-SW26 kernel: [    0.361554] system 00:02: [mem 0xfeda0000-0xfeda0fff] has been reserved
May 23 21:07:07 Z4S-SW26 kernel: [    0.361558] system 00:02: [mem 0xfeda1000-0xfeda1fff] has been reserved
May 23 21:07:07 Z4S-SW26 kernel: [    0.361560] system 00:02: [mem 0xc0000000-0xcfffffff] has been reserved
May 23 21:07:07 Z4S-SW26 kernel: [    0.361563] system 00:02: [mem 0xfed20000-0xfed7ffff] has been reserved
May 23 21:07:07 Z4S-SW26 kernel: [    0.361566] system 00:02: [mem 0xfed90000-0xfed93fff] could not be reserved
May 23 21:07:07 Z4S-SW26 kernel: [    0.361569] system 00:02: [mem 0xfed45000-0xfed8ffff] could not be reserved
May 23 21:07:07 Z4S-SW26 kernel: [    0.361572] system 00:02: [mem 0xfee00000-0xfeefffff] has been reserved
May 23 21:07:07 Z4S-SW26 kernel: [    0.362458] system 00:03: [io  0x1800-0x18fe] could not be reserved
May 23 21:07:07 Z4S-SW26 kernel: [    0.362463] system 00:03: [mem 0xfe000000-0xfe01ffff] has been reserved
May 23 21:07:07 Z4S-SW26 kernel: [    0.362466] system 00:03: [mem 0xfe04c000-0xfe04ffff] has been reserved
May 23 21:07:07 Z4S-SW26 kernel: [    0.362468] system 00:03: [mem 0xfe050000-0xfe0affff] has been reserved
May 23 21:07:07 Z4S-SW26 kernel: [    0.362471] system 00:03: [mem 0xfe0d0000-0xfe0fffff] has been reserved
May 23 21:07:07 Z4S-SW26 kernel: [    0.362474] system 00:03: [mem 0xfe200000-0xfe7fffff] has been reserved
May 23 21:07:07 Z4S-SW26 kernel: [    0.362476] system 00:03: [mem 0xff000000-0xffffffff] has been reserved
May 23 21:07:07 Z4S-SW26 kernel: [    0.362479] system 00:03: [mem 0xfd000000-0xfd68ffff] has been reserved
May 23 21:07:07 Z4S-SW26 kernel: [    0.362482] system 00:03: [mem 0xfd6b0000-0xfd6cffff] has been reserved
May 23 21:07:07 Z4S-SW26 kernel: [    0.362485] system 00:03: [mem 0xfd6f0000-0xfdffffff] has been reserved
May 23 21:07:07 Z4S-SW26 kernel: [    0.362846] system 00:04: [io  0xff00-0xfffe] has been reserved
May 23 21:07:07 Z4S-SW26 kernel: [    0.363305] pnp: PnP ACPI: found 6 devices
May 23 21:07:07 Z4S-SW26 kernel: [    0.369103] clocksource: acpi_pm: mask: 0xffffff max_cycles: 0xffffff, max_idle_ns: 2085701024 ns
May 23 21:07:07 Z4S-SW26 kernel: [    0.369161] NET: Registered PF_INET protocol family
May 23 21:07:07 Z4S-SW26 kernel: [    0.369407] IP idents hash table entries: 262144 (order: 9, 2097152 bytes, linear)
May 23 21:07:07 Z4S-SW26 kernel: [    0.371863] tcp_listen_portaddr_hash hash table entries: 8192 (order: 5, 131072 bytes, linear)
May 23 21:07:07 Z4S-SW26 kernel: [    0.372020] TCP established hash table entries: 131072 (order: 8, 1048576 bytes, linear)
May 23 21:07:07 Z4S-SW26 kernel: [    0.372296] TCP bind hash table entries: 65536 (order: 8, 1048576 bytes, linear)
May 23 21:07:07 Z4S-SW26 kernel: [    0.372403] TCP: Hash tables configured (established 131072 bind 65536)
May 23 21:07:07 Z4S-SW26 kernel: [    0.372518] MPTCP token hash table entries: 16384 (order: 6, 393216 bytes, linear)
May 23 21:07:07 Z4S-SW26 kernel: [    0.372586] UDP hash table entries: 8192 (order: 6, 262144 bytes, linear)
May 23 21:07:07 Z4S-SW26 kernel: [    0.372649] UDP-Lite hash table entries: 8192 (order: 6, 262144 bytes, linear)
May 23 21:07:07 Z4S-SW26 kernel: [    0.372750] NET: Registered PF_UNIX/PF_LOCAL protocol family
May 23 21:07:07 Z4S-SW26 kernel: [    0.372758] NET: Registered PF_XDP protocol family
May 23 21:07:07 Z4S-SW26 kernel: [    0.372765] pci 0000:01:00.0: can't claim BAR 6 [mem 0xfff00000-0xffffffff pref]: no compatible bridge window
May 23 21:07:07 Z4S-SW26 kernel: [    0.372771] pci 0000:02:00.0: can't claim BAR 6 [mem 0xffff0000-0xffffffff pref]: no compatible bridge window
May 23 21:07:07 Z4S-SW26 kernel: [    0.372776] pci 0000:03:00.0: can't claim BAR 6 [mem 0xfff00000-0xffffffff pref]: no compatible bridge window
May 23 21:07:07 Z4S-SW26 kernel: [    0.372790] pci 0000:00:1f.5: BAR 0: assigned [mem 0x80100000-0x80100fff]
May 23 21:07:07 Z4S-SW26 kernel: [    0.372810] pci 0000:01:00.0: BAR 6: no space for [mem size 0x00100000 pref]
May 23 21:07:07 Z4S-SW26 kernel: [    0.372814] pci 0000:01:00.0: BAR 6: failed to assign [mem size 0x00100000 pref]
May 23 21:07:07 Z4S-SW26 kernel: [    0.372818] pci 0000:00:1c.0: PCI bridge to [bus 01]
May 23 21:07:07 Z4S-SW26 kernel: [    0.372835] pci 0000:00:1c.0:   bridge window [mem 0x7ff00000-0x800fffff]
May 23 21:07:07 Z4S-SW26 kernel: [    0.372844] pci 0000:02:00.0: BAR 6: assigned [mem 0x7fe10000-0x7fe1ffff pref]
May 23 21:07:07 Z4S-SW26 kernel: [    0.372847] pci 0000:00:1c.4: PCI bridge to [bus 02]
May 23 21:07:07 Z4S-SW26 kernel: [    0.372851] pci 0000:00:1c.4:   bridge window [io  0x2000-0x2fff]
May 23 21:07:07 Z4S-SW26 kernel: [    0.372857] pci 0000:00:1c.4:   bridge window [mem 0x7fe00000-0x7fefffff]
May 23 21:07:07 Z4S-SW26 kernel: [    0.372865] pci 0000:03:00.0: BAR 6: no space for [mem size 0x00100000 pref]
May 23 21:07:07 Z4S-SW26 kernel: [    0.372868] pci 0000:03:00.0: BAR 6: failed to assign [mem size 0x00100000 pref]
May 23 21:07:07 Z4S-SW26 kernel: [    0.372871] pci 0000:00:1c.6: PCI bridge to [bus 03]
May 23 21:07:07 Z4S-SW26 kernel: [    0.372882] pci 0000:00:1c.6:   bridge window [mem 0x7fc00000-0x7fdfffff]
May 23 21:07:07 Z4S-SW26 kernel: [    0.372891] pci_bus 0000:00: resource 4 [io  0x0000-0x0cf7 window]
May 23 21:07:07 Z4S-SW26 kernel: [    0.372894] pci_bus 0000:00: resource 5 [io  0x0d00-0xffff window]
May 23 21:07:07 Z4S-SW26 kernel: [    0.372897] pci_bus 0000:00: resource 6 [mem 0x000a0000-0x000bffff window]
May 23 21:07:07 Z4S-SW26 kernel: [    0.372900] pci_bus 0000:00: resource 7 [mem 0x7fc00000-0xbfffffff window]
May 23 21:07:07 Z4S-SW26 kernel: [    0.372902] pci_bus 0000:00: resource 8 [mem 0x4000000000-0x7fffffffff window]
May 23 21:07:07 Z4S-SW26 kernel: [    0.372906] pci_bus 0000:01: resource 1 [mem 0x7ff00000-0x800fffff]
May 23 21:07:07 Z4S-SW26 kernel: [    0.372909] pci_bus 0000:02: resource 0 [io  0x2000-0x2fff]
May 23 21:07:07 Z4S-SW26 kernel: [    0.372911] pci_bus 0000:02: resource 1 [mem 0x7fe00000-0x7fefffff]
May 23 21:07:07 Z4S-SW26 kernel: [    0.372914] pci_bus 0000:03: resource 1 [mem 0x7fc00000-0x7fdfffff]
May 23 21:07:07 Z4S-SW26 kernel: [    0.373536] PCI: CLS 128 bytes, default 64
May 23 21:07:07 Z4S-SW26 kernel: [    0.373562] DMAR: No ATSR found
May 23 21:07:07 Z4S-SW26 kernel: [    0.373563] DMAR: No SATC found
May 23 21:07:07 Z4S-SW26 kernel: [    0.373566] DMAR: IOMMU feature fl1gp_support inconsistent
May 23 21:07:07 Z4S-SW26 kernel: [    0.373567] DMAR: IOMMU feature pgsel_inv inconsistent
May 23 21:07:07 Z4S-SW26 kernel: [    0.373570] DMAR: IOMMU feature nwfs inconsistent
May 23 21:07:07 Z4S-SW26 kernel: [    0.373572] DMAR: IOMMU feature pds inconsistent
May 23 21:07:07 Z4S-SW26 kernel: [    0.373573] DMAR: IOMMU feature eafs inconsistent
May 23 21:07:07 Z4S-SW26 kernel: [    0.373575] DMAR: IOMMU feature prs inconsistent
May 23 21:07:07 Z4S-SW26 kernel: [    0.373577] DMAR: IOMMU feature nest inconsistent
May 23 21:07:07 Z4S-SW26 kernel: [    0.373578] DMAR: IOMMU feature mts inconsistent
May 23 21:07:07 Z4S-SW26 kernel: [    0.373580] DMAR: IOMMU feature sc_support inconsistent
May 23 21:07:07 Z4S-SW26 kernel: [    0.373581] DMAR: IOMMU feature dev_iotlb_support inconsistent
May 23 21:07:07 Z4S-SW26 kernel: [    0.373584] DMAR: dmar0: Using Queued invalidation
May 23 21:07:07 Z4S-SW26 kernel: [    0.373589] DMAR: dmar1: Using Queued invalidation
May 23 21:07:07 Z4S-SW26 kernel: [    0.373601] Trying to unpack rootfs image as initramfs...
May 23 21:07:07 Z4S-SW26 kernel: [    0.373746] pci 0000:00:00.0: Adding to iommu group 0
May 23 21:07:07 Z4S-SW26 kernel: [    0.373758] pci 0000:00:02.0: Adding to iommu group 1
May 23 21:07:07 Z4S-SW26 kernel: [    0.373771] pci 0000:00:04.0: Adding to iommu group 2
May 23 21:07:07 Z4S-SW26 kernel: [    0.373789] pci 0000:00:14.0: Adding to iommu group 3
May 23 21:07:07 Z4S-SW26 kernel: [    0.373799] pci 0000:00:14.2: Adding to iommu group 3
May 23 21:07:07 Z4S-SW26 kernel: [    0.373812] pci 0000:00:16.0: Adding to iommu group 4
May 23 21:07:07 Z4S-SW26 kernel: [    0.373823] pci 0000:00:1a.0: Adding to iommu group 5
May 23 21:07:07 Z4S-SW26 kernel: [    0.373838] pci 0000:00:1c.0: Adding to iommu group 6
May 23 21:07:07 Z4S-SW26 kernel: [    0.373855] pci 0000:00:1c.4: Adding to iommu group 7
May 23 21:07:07 Z4S-SW26 kernel: [    0.373871] pci 0000:00:1c.6: Adding to iommu group 8
May 23 21:07:07 Z4S-SW26 kernel: [    0.373892] pci 0000:00:1f.0: Adding to iommu group 9
May 23 21:07:07 Z4S-SW26 kernel: [    0.373903] pci 0000:00:1f.3: Adding to iommu group 9
May 23 21:07:07 Z4S-SW26 kernel: [    0.373912] pci 0000:00:1f.4: Adding to iommu group 9
May 23 21:07:07 Z4S-SW26 kernel: [    0.373923] pci 0000:00:1f.5: Adding to iommu group 9
May 23 21:07:07 Z4S-SW26 kernel: [    0.373937] pci 0000:01:00.0: Adding to iommu group 10
May 23 21:07:07 Z4S-SW26 kernel: [    0.373954] pci 0000:02:00.0: Adding to iommu group 11
May 23 21:07:07 Z4S-SW26 kernel: [    0.373971] pci 0000:03:00.0: Adding to iommu group 12
May 23 21:07:07 Z4S-SW26 kernel: [    0.375449] DMAR: Intel(R) Virtualization Technology for Directed I/O
May 23 21:07:07 Z4S-SW26 kernel: [    0.375467] PCI-DMA: Using software bounce buffering for IO (SWIOTLB)
May 23 21:07:07 Z4S-SW26 kernel: [    0.375470] software IO TLB: mapped [mem 0x0000000068fff000-0x000000006cfff000] (64MB)
May 23 21:07:07 Z4S-SW26 kernel: [    0.375587] clocksource: tsc: mask: 0xffffffffffffffff max_cycles: 0x3990bec8342, max_idle_ns: 881590769617 ns
May 23 21:07:07 Z4S-SW26 kernel: [    0.379018] clocksource: Switched to clocksource tsc
May 23 21:07:07 Z4S-SW26 kernel: [    0.379069] platform rtc_cmos: registered platform RTC device (no PNP device found)
May 23 21:07:07 Z4S-SW26 kernel: [    0.379487] Initialise system trusted keyrings
May 23 21:07:07 Z4S-SW26 kernel: [    0.379500] Key type blacklist registered
May 23 21:07:07 Z4S-SW26 kernel: [    0.379560] workingset: timestamp_bits=36 max_order=22 bucket_order=0
May 23 21:07:07 Z4S-SW26 kernel: [    0.380893] zbud: loaded
May 23 21:07:07 Z4S-SW26 kernel: [    0.381211] squashfs: version 4.0 (2009/01/31) Phillip Lougher
May 23 21:07:07 Z4S-SW26 kernel: [    0.381381] fuse: init (API version 7.36)
May 23 21:07:07 Z4S-SW26 kernel: [    0.381537] integrity: Platform Keyring initialized
May 23 21:07:07 Z4S-SW26 kernel: [    0.391465] Key type asymmetric registered
May 23 21:07:07 Z4S-SW26 kernel: [    0.391473] Asymmetric key parser 'x509' registered
May 23 21:07:07 Z4S-SW26 kernel: [    0.491744] Freeing initrd memory: 42604K
May 23 21:07:07 Z4S-SW26 kernel: [    0.494343] alg: self-tests for CTR-KDF (hmac(sha256)) passed
May 23 21:07:07 Z4S-SW26 kernel: [    0.494383] Block layer SCSI generic (bsg) driver version 0.4 loaded (major 243)
May 23 21:07:07 Z4S-SW26 kernel: [    0.494419] io scheduler mq-deadline registered
May 23 21:07:07 Z4S-SW26 kernel: [    0.495057] pcieport 0000:00:1c.0: AER: enabled with IRQ 122
May 23 21:07:07 Z4S-SW26 kernel: [    0.495115] pcieport 0000:00:1c.0: DPC: enabled with IRQ 122
May 23 21:07:07 Z4S-SW26 kernel: [    0.495119] pcieport 0000:00:1c.0: DPC: error containment capabilities: Int Msg #0, RPExt+ PoisonedTLP+ SwTrigger+ RP PIO Log 4, DL_ActiveErr+
May 23 21:07:07 Z4S-SW26 kernel: [    0.495486] pcieport 0000:00:1c.4: AER: enabled with IRQ 123
May 23 21:07:07 Z4S-SW26 kernel: [    0.495537] pcieport 0000:00:1c.4: DPC: enabled with IRQ 123
May 23 21:07:07 Z4S-SW26 kernel: [    0.495540] pcieport 0000:00:1c.4: DPC: error containment capabilities: Int Msg #0, RPExt+ PoisonedTLP+ SwTrigger+ RP PIO Log 4, DL_ActiveErr+
May 23 21:07:07 Z4S-SW26 kernel: [    0.495883] pcieport 0000:00:1c.6: AER: enabled with IRQ 124
May 23 21:07:07 Z4S-SW26 kernel: [    0.495938] pcieport 0000:00:1c.6: DPC: enabled with IRQ 124
May 23 21:07:07 Z4S-SW26 kernel: [    0.495941] pcieport 0000:00:1c.6: DPC: error containment capabilities: Int Msg #0, RPExt+ PoisonedTLP+ SwTrigger+ RP PIO Log 4, DL_ActiveErr+
May 23 21:07:07 Z4S-SW26 kernel: [    0.496065] shpchp: Standard Hot Plug PCI Controller Driver version: 0.4
May 23 21:07:07 Z4S-SW26 kernel: [    0.496264] input: Sleep Button as /devices/LNXSYSTM:00/LNXSYBUS:00/PNP0C0E:00/input/input0
May 23 21:07:07 Z4S-SW26 kernel: [    0.496291] ACPI: button: Sleep Button [SLPB]
May 23 21:07:07 Z4S-SW26 kernel: [    0.496322] input: Power Button as /devices/LNXSYSTM:00/LNXSYBUS:00/PNP0C0C:00/input/input1
May 23 21:07:07 Z4S-SW26 kernel: [    0.496342] ACPI: button: Power Button [PWRB]
May 23 21:07:07 Z4S-SW26 kernel: [    0.496370] input: Power Button as /devices/LNXSYSTM:00/LNXPWRBN:00/input/input2
May 23 21:07:07 Z4S-SW26 kernel: [    0.496406] ACPI: button: Power Button [PWRF]
May 23 21:07:07 Z4S-SW26 kernel: [    0.496635] ACPI BIOS Error (bug): Could not resolve symbol [\_SB.PR00._CPC], AE_NOT_FOUND (20211217/psargs-330)
May 23 21:07:07 Z4S-SW26 kernel: [    0.496646] 
May 23 21:07:07 Z4S-SW26 kernel: [    0.496648] No Local Variables are initialized for Method [_CPC]
May 23 21:07:07 Z4S-SW26 kernel: [    0.496650] 
May 23 21:07:07 Z4S-SW26 kernel: [    0.496651] No Arguments are initialized for method [_CPC]
May 23 21:07:07 Z4S-SW26 kernel: [    0.496653] 
May 23 21:07:07 Z4S-SW26 kernel: [    0.496655] ACPI Error: Aborting method \_SB.PR01._CPC due to previous error (AE_NOT_FOUND) (20211217/psparse-529)
May 23 21:07:07 Z4S-SW26 kernel: [    0.496745] ACPI BIOS Error (bug): Could not resolve symbol [\_SB.PR00._CPC], AE_NOT_FOUND (20211217/psargs-330)
May 23 21:07:07 Z4S-SW26 kernel: [    0.496753] 
May 23 21:07:07 Z4S-SW26 kernel: [    0.496754] No Local Variables are initialized for Method [_CPC]
May 23 21:07:07 Z4S-SW26 kernel: [    0.496756] 
May 23 21:07:07 Z4S-SW26 kernel: [    0.496758] No Arguments are initialized for method [_CPC]
May 23 21:07:07 Z4S-SW26 kernel: [    0.496760] 
May 23 21:07:07 Z4S-SW26 kernel: [    0.496762] ACPI Error: Aborting method \_SB.PR02._CPC due to previous error (AE_NOT_FOUND) (20211217/psparse-529)
May 23 21:07:07 Z4S-SW26 kernel: [    0.496836] ACPI BIOS Error (bug): Could not resolve symbol [\_SB.PR00._CPC], AE_NOT_FOUND (20211217/psargs-330)
May 23 21:07:07 Z4S-SW26 kernel: [    0.496843] 
May 23 21:07:07 Z4S-SW26 kernel: [    0.496845] No Local Variables are initialized for Method [_CPC]
May 23 21:07:07 Z4S-SW26 kernel: [    0.496847] 
May 23 21:07:07 Z4S-SW26 kernel: [    0.496848] No Arguments are initialized for method [_CPC]
May 23 21:07:07 Z4S-SW26 kernel: [    0.496850] 
May 23 21:07:07 Z4S-SW26 kernel: [    0.496852] ACPI Error: Aborting method \_SB.PR03._CPC due to previous error (AE_NOT_FOUND) (20211217/psparse-529)
May 23 21:07:07 Z4S-SW26 kernel: [    0.497474] thermal LNXTHERM:00: registered as thermal_zone0
May 23 21:07:07 Z4S-SW26 kernel: [    0.497479] ACPI: thermal: Thermal Zone [TZ00] (28 C)
May 23 21:07:07 Z4S-SW26 kernel: [    0.497686] Serial: 8250/16550 driver, 32 ports, IRQ sharing enabled
May 23 21:07:07 Z4S-SW26 kernel: [    0.499470] Linux agpgart interface v0.103
May 23 21:07:07 Z4S-SW26 kernel: [    0.500914] loop: module loaded
May 23 21:07:07 Z4S-SW26 kernel: [    0.552272] *ZOS*SATA=4
May 23 21:07:07 Z4S-SW26 kernel: [    0.552275] *ZOS*SATA=3
May 23 21:07:07 Z4S-SW26 kernel: [    0.552277] *ZOS*SATA=2
May 23 21:07:07 Z4S-SW26 kernel: [    0.552278] *ZOS*SATA=1
May 23 21:07:07 Z4S-SW26 kernel: [    0.552650] sata3 power supply: 5v, 12v done
May 23 21:07:07 Z4S-SW26 kernel: [    5.513323] sata2 power supply: 5v, 12v done
May 23 21:07:07 Z4S-SW26 kernel: [   10.474008] sata1 power supply: 5v, 12v done
May 23 21:07:07 Z4S-SW26 kernel: [   15.434782] sata0 power supply: 5v, 12v done
May 23 21:07:07 Z4S-SW26 kernel: [   15.434885] tun: Universal TUN/TAP device driver, 1.6
May 23 21:07:07 Z4S-SW26 kernel: [   15.434930] PPP generic driver version 2.4.2
May 23 21:07:07 Z4S-SW26 kernel: [   15.434987] VFIO - User Level meta-driver version: 0.3
May 23 21:07:07 Z4S-SW26 kernel: [   15.435043] ehci_hcd: USB 2.0 'Enhanced' Host Controller (EHCI) Driver
May 23 21:07:07 Z4S-SW26 kernel: [   15.435048] ehci-pci: EHCI PCI platform driver
May 23 21:07:07 Z4S-SW26 kernel: [   15.435057] ehci-platform: EHCI generic platform driver
May 23 21:07:07 Z4S-SW26 kernel: [   15.435065] ohci_hcd: USB 1.1 'Open' Host Controller (OHCI) Driver
May 23 21:07:07 Z4S-SW26 kernel: [   15.435068] ohci-pci: OHCI PCI platform driver
May 23 21:07:07 Z4S-SW26 kernel: [   15.435077] ohci-platform: OHCI generic platform driver
May 23 21:07:07 Z4S-SW26 kernel: [   15.435085] uhci_hcd: USB Universal Host Controller Interface driver
May 23 21:07:07 Z4S-SW26 kernel: [   15.435120] i8042: PNP: No PS/2 controller found.
May 23 21:07:07 Z4S-SW26 kernel: [   15.435168] mousedev: PS/2 mouse device common for all mice
May 23 21:07:07 Z4S-SW26 kernel: [   15.435304] rtc_cmos rtc_cmos: RTC can wake from S4
May 23 21:07:07 Z4S-SW26 kernel: [   15.436035] rtc_cmos rtc_cmos: registered as rtc0
May 23 21:07:07 Z4S-SW26 kernel: [   15.436180] rtc_cmos rtc_cmos: setting system clock to 2023-05-23T13:06:57 UTC (1684847217)
May 23 21:07:07 Z4S-SW26 kernel: [   15.436204] rtc_cmos rtc_cmos: alarms up to one month, y3k, 114 bytes nvram, hpet irqs
May 23 21:07:07 Z4S-SW26 kernel: [   15.436212] i2c_dev: i2c /dev entries driver
May 23 21:07:07 Z4S-SW26 kernel: [   15.436278] device-mapper: core: CONFIG_IMA_DISABLE_HTABLE is disabled. Duplicate IMA measurements will not be recorded in the IMA log.
May 23 21:07:07 Z4S-SW26 kernel: [   15.436307] device-mapper: uevent: version 1.0.3
May 23 21:07:07 Z4S-SW26 kernel: [   15.436353] device-mapper: ioctl: 4.45.0-ioctl (2021-03-22) initialised: dm-devel@redhat.com
May 23 21:07:07 Z4S-SW26 kernel: [   15.436359] intel_pstate: Intel P-state driver initializing
May 23 21:07:07 Z4S-SW26 kernel: [   15.436485] intel_pstate: HWP enabled
May 23 21:07:07 Z4S-SW26 kernel: [   15.436517] ledtrig-cpu: registered to indicate activity on CPUs
May 23 21:07:07 Z4S-SW26 kernel: [   15.436540] efifb: probing for efifb
May 23 21:07:07 Z4S-SW26 kernel: [   15.436554] efifb: framebuffer at 0x4000000000, using 3072k, total 3072k
May 23 21:07:07 Z4S-SW26 kernel: [   15.436557] efifb: mode is 1024x768x32, linelength=4096, pages=1
May 23 21:07:07 Z4S-SW26 kernel: [   15.436559] efifb: scrolling: redraw
May 23 21:07:07 Z4S-SW26 kernel: [   15.436561] efifb: Truecolor: size=8:8:8:8, shift=24:16:8:0
May 23 21:07:07 Z4S-SW26 kernel: [   15.436644] Console: switching to colour frame buffer device 128x48
May 23 21:07:07 Z4S-SW26 kernel: [   15.438117] fb0: EFI VGA frame buffer device
May 23 21:07:07 Z4S-SW26 kernel: [   15.438137] EFI Variables Facility v0.08 2004-May-17
May 23 21:07:07 Z4S-SW26 kernel: [   15.439419] intel_pmc_core INT33A1:00:  initialized
May 23 21:07:07 Z4S-SW26 kernel: [   15.439522] drop_monitor: Initializing network drop monitor service
May 23 21:07:07 Z4S-SW26 kernel: [   15.439681] NET: Registered PF_INET6 protocol family
May 23 21:07:07 Z4S-SW26 kernel: [   15.442519] Segment Routing with IPv6
May 23 21:07:07 Z4S-SW26 kernel: [   15.442553] In-situ OAM (IOAM) with IPv6
May 23 21:07:07 Z4S-SW26 kernel: [   15.442588] NET: Registered PF_PACKET protocol family
May 23 21:07:07 Z4S-SW26 kernel: [   15.442644] Key type dns_resolver registered
May 23 21:07:07 Z4S-SW26 kernel: [   15.442933] microcode: sig=0x906c0, pf=0x1, revision=0x2400001f
May 23 21:07:07 Z4S-SW26 kernel: [   15.442997] microcode: Microcode Update Driver: v2.2.
May 23 21:07:07 Z4S-SW26 kernel: [   15.443038] resctrl: L2 allocation detected
May 23 21:07:07 Z4S-SW26 kernel: [   15.443072] IPI shorthand broadcast: enabled
May 23 21:07:07 Z4S-SW26 kernel: [   15.443096] sched_clock: Marking stable (15442137867, 888350)->(15444010975, -984758)
May 23 21:07:07 Z4S-SW26 kernel: [   15.443258] registered taskstats version 1
May 23 21:07:07 Z4S-SW26 kernel: [   15.443318] Loading compiled-in X.509 certificates
May 23 21:07:07 Z4S-SW26 kernel: [   15.444248] Loaded X.509 cert 'Build time autogenerated kernel key: cd64c3bb1f72228782055de88192f8b3895ea57b'
May 23 21:07:07 Z4S-SW26 kernel: [   15.444471] zswap: loaded using pool lzo/zbud
May 23 21:07:07 Z4S-SW26 kernel: [   15.444587] Key type ._fscrypt registered
May 23 21:07:07 Z4S-SW26 kernel: [   15.444601] Key type .fscrypt registered
May 23 21:07:07 Z4S-SW26 kernel: [   15.444614] Key type fscrypt-provisioning registered
May 23 21:07:07 Z4S-SW26 kernel: [   15.447123] Key type encrypted registered
May 23 21:07:07 Z4S-SW26 kernel: [   15.447146] AppArmor: AppArmor sha1 policy hashing enabled
May 23 21:07:07 Z4S-SW26 kernel: [   15.448208] ima: No TPM chip found, activating TPM-bypass!
May 23 21:07:07 Z4S-SW26 kernel: [   15.448961] Loading compiled-in module X.509 certificates
May 23 21:07:07 Z4S-SW26 kernel: [   15.450475] Loaded X.509 cert 'Build time autogenerated kernel key: cd64c3bb1f72228782055de88192f8b3895ea57b'
May 23 21:07:07 Z4S-SW26 kernel: [   15.451239] ima: Allocated hash algorithm: sha1
May 23 21:07:07 Z4S-SW26 kernel: [   15.452009] ima: No architecture policies found
May 23 21:07:07 Z4S-SW26 kernel: [   15.452773] evm: Initialising EVM extended attributes:
May 23 21:07:07 Z4S-SW26 kernel: [   15.453534] evm: security.selinux
May 23 21:07:07 Z4S-SW26 kernel: [   15.454282] evm: security.SMACK64
May 23 21:07:07 Z4S-SW26 kernel: [   15.455013] evm: security.SMACK64EXEC
May 23 21:07:07 Z4S-SW26 kernel: [   15.455727] evm: security.SMACK64TRANSMUTE
May 23 21:07:07 Z4S-SW26 kernel: [   15.456441] evm: security.SMACK64MMAP
May 23 21:07:07 Z4S-SW26 kernel: [   15.457140] evm: security.apparmor
May 23 21:07:07 Z4S-SW26 kernel: [   15.457824] evm: security.ima
May 23 21:07:07 Z4S-SW26 kernel: [   15.458499] evm: security.capability
May 23 21:07:07 Z4S-SW26 kernel: [   15.459161] evm: HMAC attrs: 0x1
May 23 21:07:07 Z4S-SW26 kernel: [   15.461132] PM:   Magic number: 7:166:130
May 23 21:07:07 Z4S-SW26 kernel: [   15.461836] acpi PNP0C02:02: hash matches
May 23 21:07:07 Z4S-SW26 kernel: [   15.462502] acpi device:05: hash matches
May 23 21:07:07 Z4S-SW26 kernel: [   15.463283] RAS: Correctable Errors collector initialized.
May 23 21:07:07 Z4S-SW26 kernel: [   15.464995] Freeing unused decrypted memory: 2036K
May 23 21:07:07 Z4S-SW26 kernel: [   15.466121] Freeing unused kernel image (initmem) memory: 2664K
May 23 21:07:07 Z4S-SW26 kernel: [   15.488683] Write protecting the kernel read-only data: 30720k
May 23 21:07:07 Z4S-SW26 kernel: [   15.489823] Freeing unused kernel image (text/rodata gap) memory: 2036K
May 23 21:07:07 Z4S-SW26 kernel: [   15.490753] Freeing unused kernel image (rodata/data gap) memory: 1644K
May 23 21:07:07 Z4S-SW26 kernel: [   15.507146] x86/mm: Checked W+X mappings: passed, no W+X pages found.
May 23 21:07:07 Z4S-SW26 kernel: [   15.507789] Run /init as init process
May 23 21:07:07 Z4S-SW26 kernel: [   15.508430]   with arguments:
May 23 21:07:07 Z4S-SW26 kernel: [   15.508432]     /init
May 23 21:07:07 Z4S-SW26 kernel: [   15.508433]   with environment:
May 23 21:07:07 Z4S-SW26 kernel: [   15.508433]     HOME=/
May 23 21:07:07 Z4S-SW26 kernel: [   15.508434]     TERM=linux
May 23 21:07:07 Z4S-SW26 kernel: [   15.508435]     BOOT_IMAGE=/boot/vmlinuz-5.17.13-generic
May 23 21:07:07 Z4S-SW26 kernel: [   15.508436]     biosdevname=0
May 23 21:07:07 Z4S-SW26 kernel: [   15.608737] acpi PNP0C14:01: duplicate WMI GUID 05901221-D566-11D1-B2F0-00A0C9062910 (first instance was on PNP0C14:00)
May 23 21:07:07 Z4S-SW26 kernel: [   15.609778] acpi PNP0C14:02: duplicate WMI GUID 05901221-D566-11D1-B2F0-00A0C9062910 (first instance was on PNP0C14:00)
May 23 21:07:07 Z4S-SW26 kernel: [   15.619423] sdhci: Secure Digital Host Controller Interface driver
May 23 21:07:07 Z4S-SW26 kernel: [   15.620120] sdhci: Copyright(c) Pierre Ossman
May 23 21:07:07 Z4S-SW26 kernel: [   15.625314] xhci_hcd 0000:00:14.0: xHCI Host Controller
May 23 21:07:07 Z4S-SW26 kernel: [   15.626008] xhci_hcd 0000:00:14.0: new USB bus registered, assigned bus number 1
May 23 21:07:07 Z4S-SW26 kernel: [   15.627241] sdhci-pci 0000:00:1a.0: SDHCI controller found [8086:4dc4] (rev 1)
May 23 21:07:07 Z4S-SW26 kernel: [   15.627886] xhci_hcd 0000:00:14.0: hcc params 0x20007fc1 hci version 0x110 quirks 0x0000000000009810
May 23 21:07:07 Z4S-SW26 kernel: [   15.628531] mmc0: CQHCI version 5.10
May 23 21:07:07 Z4S-SW26 kernel: [   15.628892] i801_smbus 0000:00:1f.4: enabling device (0000 -> 0003)
May 23 21:07:07 Z4S-SW26 kernel: [   15.629032] usb usb1: New USB device found, idVendor=1d6b, idProduct=0002, bcdDevice= 5.17
May 23 21:07:07 Z4S-SW26 kernel: [   15.629035] usb usb1: New USB device strings: Mfr=3, Product=2, SerialNumber=1
May 23 21:07:07 Z4S-SW26 kernel: [   15.629037] usb usb1: Product: xHCI Host Controller
May 23 21:07:07 Z4S-SW26 kernel: [   15.629038] usb usb1: Manufacturer: Linux 5.17.13-generic xhci-hcd
May 23 21:07:07 Z4S-SW26 kernel: [   15.629039] usb usb1: SerialNumber: 0000:00:14.0
May 23 21:07:07 Z4S-SW26 kernel: [   15.629205] hub 1-0:1.0: USB hub found
May 23 21:07:07 Z4S-SW26 kernel: [   15.629228] hub 1-0:1.0: 8 ports detected
May 23 21:07:07 Z4S-SW26 kernel: [   15.635329] i801_smbus 0000:00:1f.4: SPD Write Disable is set
May 23 21:07:07 Z4S-SW26 kernel: [   15.636120] i801_smbus 0000:00:1f.4: SMBus using PCI interrupt
May 23 21:07:07 Z4S-SW26 kernel: [   15.639844] ahci 0000:02:00.0: version 3.0
May 23 21:07:07 Z4S-SW26 kernel: [   15.640859] mmc0: SDHCI controller on PCI [0000:00:1a.0] using ADMA 64-bit
May 23 21:07:07 Z4S-SW26 kernel: [   15.642223] ahci 0000:02:00.0: SSS flag set, parallel bus scan disabled
May 23 21:07:07 Z4S-SW26 kernel: [   15.642853] Intel(R) 2.5G Ethernet Linux Driver
May 23 21:07:07 Z4S-SW26 kernel: [   15.643031] ahci 0000:02:00.0: AHCI 0001.0301 32 slots 5 ports 6 Gbps 0x1f impl SATA mode
May 23 21:07:07 Z4S-SW26 kernel: [   15.643631] Copyright(c) 2018 Intel Corporation.
May 23 21:07:07 Z4S-SW26 kernel: [   15.644314] ahci 0000:02:00.0: flags: 64bit ncq sntf stag pm led clo pmp fbs pio slum part ccc apst boh 
May 23 21:07:07 Z4S-SW26 kernel: [   15.645352] igc 0000:01:00.0: PTM enabled, 4ns granularity
May 23 21:07:07 Z4S-SW26 kernel: [   15.647051] scsi host0: ahci
May 23 21:07:07 Z4S-SW26 kernel: [   15.648122] scsi host1: ahci
May 23 21:07:07 Z4S-SW26 kernel: [   15.648733] i2c i2c-0: 2/2 memory slots populated (from DMI)
May 23 21:07:07 Z4S-SW26 kernel: [   15.649263] scsi host2: ahci
May 23 21:07:07 Z4S-SW26 kernel: [   15.650207] i2c i2c-0: Successfully instantiated SPD at 0x50
May 23 21:07:07 Z4S-SW26 kernel: [   15.650522] scsi host3: ahci
May 23 21:07:07 Z4S-SW26 kernel: [   15.653555] scsi host4: ahci
May 23 21:07:07 Z4S-SW26 kernel: [   15.654092] xhci_hcd 0000:00:14.0: xHCI Host Controller
May 23 21:07:07 Z4S-SW26 kernel: [   15.654400] ata1: SATA max UDMA/133 abar m8192@0x7fe00000 port 0x7fe00100 irq 126
May 23 21:07:07 Z4S-SW26 kernel: [   15.655094] xhci_hcd 0000:00:14.0: new USB bus registered, assigned bus number 2
May 23 21:07:07 Z4S-SW26 kernel: [   15.655869] ata2: SATA max UDMA/133 abar m8192@0x7fe00000 port 0x7fe00180 irq 127
May 23 21:07:07 Z4S-SW26 kernel: [   15.656651] xhci_hcd 0000:00:14.0: Host supports USB 3.1 Enhanced SuperSpeed
May 23 21:07:07 Z4S-SW26 kernel: [   15.657470] ata3: SATA max UDMA/133 abar m8192@0x7fe00000 port 0x7fe00200 irq 128
May 23 21:07:07 Z4S-SW26 kernel: [   15.659042] ata4: SATA max UDMA/133 abar m8192@0x7fe00000 port 0x7fe00280 irq 129
May 23 21:07:07 Z4S-SW26 kernel: [   15.659104] usb usb2: New USB device found, idVendor=1d6b, idProduct=0003, bcdDevice= 5.17
May 23 21:07:07 Z4S-SW26 kernel: [   15.659842] ata5: SATA max UDMA/133 abar m8192@0x7fe00000 port 0x7fe00300 irq 130
May 23 21:07:07 Z4S-SW26 kernel: [   15.660636] usb usb2: New USB device strings: Mfr=3, Product=2, SerialNumber=1
May 23 21:07:07 Z4S-SW26 kernel: [   15.662275] usb usb2: Product: xHCI Host Controller
May 23 21:07:07 Z4S-SW26 kernel: [   15.663085] usb usb2: Manufacturer: Linux 5.17.13-generic xhci-hcd
May 23 21:07:07 Z4S-SW26 kernel: [   15.663903] usb usb2: SerialNumber: 0000:00:14.0
May 23 21:07:07 Z4S-SW26 kernel: [   15.664852] hub 2-0:1.0: USB hub found
May 23 21:07:07 Z4S-SW26 kernel: [   15.665681] hub 2-0:1.0: 6 ports detected
May 23 21:07:07 Z4S-SW26 kernel: [   15.667253] usb: port power management may be unreliable
May 23 21:07:07 Z4S-SW26 kernel: [   15.696972] pps pps0: new PPS source ptp0
May 23 21:07:07 Z4S-SW26 kernel: [   15.697777] igc 0000:01:00.0 (unnamed net_device) (uninitialized): PHC added
May 23 21:07:07 Z4S-SW26 kernel: [   15.721957] igc 0000:01:00.0: 4.000 Gb/s available PCIe bandwidth (5.0 GT/s PCIe x1 link)
May 23 21:07:07 Z4S-SW26 kernel: [   15.722745] igc 0000:01:00.0 eth0: MAC: 1c:83:41:e3:33:e3
May 23 21:07:07 Z4S-SW26 kernel: [   15.723738] igc 0000:03:00.0: PTM enabled, 4ns granularity
May 23 21:07:07 Z4S-SW26 kernel: [   15.730976] mmc0: Command Queue Engine enabled
May 23 21:07:07 Z4S-SW26 kernel: [   15.731747] mmc0: new HS400 Enhanced strobe MMC card at address 0001
May 23 21:07:07 Z4S-SW26 kernel: [   15.734660] mmcblk0: mmc0:0001 AJTD4R 14.6 GiB 
May 23 21:07:07 Z4S-SW26 kernel: [   15.737225]  mmcblk0: p1 p2 p3
May 23 21:07:07 Z4S-SW26 kernel: [   15.738140] mmcblk0boot0: mmc0:0001 AJTD4R 4.00 MiB 
May 23 21:07:07 Z4S-SW26 kernel: [   15.739126] mmcblk0boot1: mmc0:0001 AJTD4R 4.00 MiB 
May 23 21:07:07 Z4S-SW26 kernel: [   15.740065] mmcblk0rpmb: mmc0:0001 AJTD4R 4.00 MiB, chardev (239:0)
May 23 21:07:07 Z4S-SW26 kernel: [   15.772727] pps pps1: new PPS source ptp1
May 23 21:07:07 Z4S-SW26 kernel: [   15.773501] igc 0000:03:00.0 (unnamed net_device) (uninitialized): PHC added
May 23 21:07:07 Z4S-SW26 kernel: [   15.799532] igc 0000:03:00.0: 4.000 Gb/s available PCIe bandwidth (5.0 GT/s PCIe x1 link)
May 23 21:07:07 Z4S-SW26 kernel: [   15.800303] igc 0000:03:00.0 eth1: MAC: 1c:83:41:e3:33:e4
May 23 21:07:07 Z4S-SW26 kernel: [   15.974964] ata1: SATA link down (SStatus 0 SControl 300)
May 23 21:07:07 Z4S-SW26 kernel: [   16.452681] ata2: SATA link up 1.5 Gbps (SStatus 113 SControl 300)
May 23 21:07:07 Z4S-SW26 kernel: [   16.454368] ata2.00: ATA-8: Hitachi HTS542516K9SA00, BBCOC3BP, max UDMA/133
May 23 21:07:07 Z4S-SW26 kernel: [   16.457345] ata2.00: 312581808 sectors, multi 0: LBA48 NCQ (depth 32), AA
May 23 21:07:07 Z4S-SW26 kernel: [   16.459386] ata2.00: configured for UDMA/133
May 23 21:07:07 Z4S-SW26 kernel: [   16.460235] scsi 1:0:0:0: Direct-Access     ATA      Hitachi HTS54251 C3BP PQ: 0 ANSI: 5
May 23 21:07:07 Z4S-SW26 kernel: [   16.461176] sd 1:0:0:0: Attached scsi generic sg0 type 0
May 23 21:07:07 Z4S-SW26 kernel: [   16.461255] sd 1:0:0:0: [sda] 312581808 512-byte logical blocks: (160 GB/149 GiB)
May 23 21:07:07 Z4S-SW26 kernel: [   16.462681] sd 1:0:0:0: [sda] Write Protect is off
May 23 21:07:07 Z4S-SW26 kernel: [   16.463426] sd 1:0:0:0: [sda] Mode Sense: 00 3a 00 00
May 23 21:07:07 Z4S-SW26 kernel: [   16.463450] sd 1:0:0:0: [sda] Write cache: enabled, read cache: enabled, doesn't support DPO or FUA
May 23 21:07:07 Z4S-SW26 kernel: [   16.866047]  sda: sda1 sda2 sda3
May 23 21:07:07 Z4S-SW26 kernel: [   16.880709] sd 1:0:0:0: [sda] Attached SCSI disk
May 23 21:07:07 Z4S-SW26 kernel: [   16.936683] ata3: SATA link up 1.5 Gbps (SStatus 113 SControl 300)
May 23 21:07:07 Z4S-SW26 kernel: [   16.999836] ata3.00: ATA-8: TOSHIBA MK1655GSX, FG010A, max UDMA/100
May 23 21:07:07 Z4S-SW26 kernel: [   17.000678] ata3.00: 312581808 sectors, multi 16: LBA48 NCQ (depth 32), AA
May 23 21:07:07 Z4S-SW26 kernel: [   17.002285] ata3.00: configured for UDMA/100
May 23 21:07:07 Z4S-SW26 kernel: [   17.003126] scsi 2:0:0:0: Direct-Access     ATA      TOSHIBA MK1655GS 0A   PQ: 0 ANSI: 5
May 23 21:07:07 Z4S-SW26 kernel: [   17.004062] sd 2:0:0:0: Attached scsi generic sg1 type 0
May 23 21:07:07 Z4S-SW26 kernel: [   17.004086] sd 2:0:0:0: [sdb] 312581808 512-byte logical blocks: (160 GB/149 GiB)
May 23 21:07:07 Z4S-SW26 kernel: [   17.005629] sd 2:0:0:0: [sdb] Write Protect is off
May 23 21:07:07 Z4S-SW26 kernel: [   17.006402] sd 2:0:0:0: [sdb] Mode Sense: 00 3a 00 00
May 23 21:07:07 Z4S-SW26 kernel: [   17.006414] sd 2:0:0:0: [sdb] Write cache: enabled, read cache: enabled, doesn't support DPO or FUA
May 23 21:07:07 Z4S-SW26 kernel: [   17.132357]  sdb: sdb1 sdb2 sdb3
May 23 21:07:07 Z4S-SW26 kernel: [   17.148705] sd 2:0:0:0: [sdb] Attached SCSI disk
May 23 21:07:07 Z4S-SW26 kernel: [   17.318958] ata4: SATA link down (SStatus 0 SControl 300)
May 23 21:07:07 Z4S-SW26 kernel: [   17.634955] ata5: SATA link down (SStatus 0 SControl 300)
May 23 21:07:07 Z4S-SW26 kernel: [   18.392658] raid6: sse2x4   gen() 10860 MB/s
May 23 21:07:07 Z4S-SW26 kernel: [   18.460658] raid6: sse2x2   gen() 13250 MB/s
May 23 21:07:07 Z4S-SW26 kernel: [   18.528660] raid6: sse2x1   gen() 11825 MB/s
May 23 21:07:07 Z4S-SW26 kernel: [   18.529419] raid6: using algorithm sse2x2 gen() 13250 MB/s
May 23 21:07:07 Z4S-SW26 kernel: [   18.596659] raid6: .... xor() 7585 MB/s, rmw enabled
May 23 21:07:07 Z4S-SW26 kernel: [   18.597418] raid6: using ssse3x2 recovery algorithm
May 23 21:07:07 Z4S-SW26 kernel: [   18.599211] xor: measuring software checksum speed
May 23 21:07:07 Z4S-SW26 kernel: [   18.600478]    prefetch64-sse  : 19365 MB/sec
May 23 21:07:07 Z4S-SW26 kernel: [   18.601800]    generic_sse     : 17455 MB/sec
May 23 21:07:07 Z4S-SW26 kernel: [   18.602548] xor: using function: prefetch64-sse (19365 MB/sec)
May 23 21:07:07 Z4S-SW26 kernel: [   18.636229] Btrfs loaded, crc32c=crc32c-intel, zoned=yes, fsverity=yes
May 23 21:07:07 Z4S-SW26 kernel: [   18.920675] BTRFS: device fsid c5223885-04fc-47ce-8b62-145067e656f5 devid 1 transid 2945 /dev/sdb3 scanned by btrfs (222)
May 23 21:07:07 Z4S-SW26 kernel: [   18.922386] BTRFS: device fsid 22509218-c10c-4434-a166-17fddb7c3183 devid 1 transid 24543 /dev/sda3 scanned by btrfs (222)
May 23 21:07:07 Z4S-SW26 kernel: [   19.161921] EXT4-fs (mmcblk0p2): mounted filesystem with ordered data mode. Quota mode: none.
May 23 21:07:07 Z4S-SW26 kernel: [   19.663723] RPC: Registered named UNIX socket transport module.
May 23 21:07:07 Z4S-SW26 kernel: [   19.664708] RPC: Registered udp transport module.
May 23 21:07:07 Z4S-SW26 kernel: [   19.665649] RPC: Registered tcp transport module.
May 23 21:07:07 Z4S-SW26 kernel: [   19.667510] RPC: Registered tcp NFSv4.1 backchannel transport module.
May 23 21:07:07 Z4S-SW26 kernel: [   19.684527] ACPI: bus type drm_connector registered
May 23 21:07:07 Z4S-SW26 kernel: [   19.685312] pstore: Using crash dump compression: deflate
May 23 21:07:07 Z4S-SW26 kernel: [   19.686357] pstore: Registered efi as persistent store backend
May 23 21:07:07 Z4S-SW26 kernel: [   19.701324] EXT4-fs (mmcblk0p2): re-mounted. Quota mode: none.
May 23 21:07:07 Z4S-SW26 kernel: [   19.973104] mei_me 0000:00:16.0: enabling device (0000 -> 0002)
May 23 21:07:07 Z4S-SW26 kernel: [   20.028620] proc_thermal 0000:00:04.0: enabling device (0000 -> 0002)
May 23 21:07:07 Z4S-SW26 kernel: [   20.113586] ee1004 0-0050: 512 byte EE1004-compliant SPD EEPROM, read-only
May 23 21:07:07 Z4S-SW26 kernel: [   20.129852] input: Huawei WMI hotkeys as /devices/platform/huawei-wmi/input/input3
May 23 21:07:07 Z4S-SW26 kernel: [   20.157967] Setting dangerous option enable_guc - tainting kernel
May 23 21:07:07 Z4S-SW26 kernel: [   20.159579] i915 0000:00:02.0: [drm] VT-d active for gfx access
May 23 21:07:07 Z4S-SW26 kernel: [   20.159586] checking generic (4000000000 300000) vs hw (6000000000 1000000)
May 23 21:07:07 Z4S-SW26 kernel: [   20.159588] checking generic (4000000000 300000) vs hw (4000000000 10000000)
May 23 21:07:07 Z4S-SW26 kernel: [   20.159589] fb0: switching to i915 from EFI VGA
May 23 21:07:07 Z4S-SW26 kernel: [   20.161355] Console: switching to colour dummy device 80x25
May 23 21:07:07 Z4S-SW26 kernel: [   20.164228] i915 0000:00:02.0: vgaarb: deactivate vga console
May 23 21:07:07 Z4S-SW26 kernel: [   20.164840] i915 0000:00:02.0: [drm] Transparent Hugepage mode 'huge=within_size'
May 23 21:07:07 Z4S-SW26 kernel: [   20.176997] i915 0000:00:02.0: vgaarb: changed VGA decodes: olddecodes=io+mem,decodes=io+mem:owns=io+mem
May 23 21:07:07 Z4S-SW26 kernel: [   20.180889] i915 0000:00:02.0: [drm] Finished loading DMC firmware i915/icl_dmc_ver1_09.bin (v1.9)
May 23 21:07:07 Z4S-SW26 kernel: [   20.186768] cryptd: max_cpu_qlen set to 1000
May 23 21:07:07 Z4S-SW26 kernel: [   20.206972] SSE version of gcm_enc/dec engaged.
May 23 21:07:07 Z4S-SW26 kernel: [   20.313704] mei_hdcp 0000:00:16.0-b638ab7e-94e2-4ea2-a552-d1c54b627f04: bound 0000:00:02.0 (ops i915_hdcp_component_ops [i915])
May 23 21:07:07 Z4S-SW26 kernel: [   20.386617] intel_rapl_common: Found RAPL domain package
May 23 21:07:07 Z4S-SW26 kernel: [   20.386622] intel_rapl_common: Found RAPL domain core
May 23 21:07:07 Z4S-SW26 kernel: [   20.386624] intel_rapl_common: Found RAPL domain uncore
May 23 21:07:07 Z4S-SW26 kernel: [   20.397583] snd_hda_intel 0000:00:1f.3: enabling device (0000 -> 0002)
May 23 21:07:07 Z4S-SW26 kernel: [   20.411239] i915 0000:00:02.0: [drm] GuC firmware i915/ehl_guc_62.0.0.bin version 62.0 submission:disabled
May 23 21:07:07 Z4S-SW26 kernel: [   20.411247] i915 0000:00:02.0: [drm] GuC SLPC: disabled
May 23 21:07:07 Z4S-SW26 kernel: [   20.411249] i915 0000:00:02.0: [drm] HuC firmware i915/ehl_huc_9.0.0.bin version 9.0 authenticated:yes
May 23 21:07:07 Z4S-SW26 kernel: [   20.438979] EXT4-fs (mmcblk0p3): mounted filesystem with ordered data mode. Quota mode: none.
May 23 21:07:07 Z4S-SW26 kernel: [   20.442374] [drm] Initialized i915 1.6.0 20201103 for 0000:00:02.0 on minor 0
May 23 21:07:07 Z4S-SW26 kernel: [   20.444095] ACPI: video: Video Device [GFX0] (multi-head: yes  rom: no  post: no)
May 23 21:07:07 Z4S-SW26 kernel: [   20.445912] input: Video Bus as /devices/LNXSYSTM:00/LNXSYBUS:00/PNP0A08:00/LNXVIDEO:00/input/input4
May 23 21:07:07 Z4S-SW26 kernel: [   20.446487] snd_hda_intel 0000:00:1f.3: bound 0000:00:02.0 (ops i915_audio_component_bind_ops [i915])
May 23 21:07:07 Z4S-SW26 kernel: [   20.446660] i915 0000:00:02.0: [drm] Cannot find any crtc or sizes
May 23 21:07:07 Z4S-SW26 kernel: [   20.454702] i915 0000:00:02.0: [drm] Cannot find any crtc or sizes
May 23 21:07:07 Z4S-SW26 kernel: [   20.487785] input: HDA Intel PCH HDMI/DP,pcm=3 as /devices/pci0000:00/0000:00:1f.3/sound/card0/input5
May 23 21:07:07 Z4S-SW26 kernel: [   20.487838] input: HDA Intel PCH HDMI/DP,pcm=7 as /devices/pci0000:00/0000:00:1f.3/sound/card0/input6
May 23 21:07:07 Z4S-SW26 kernel: [   20.488444] input: HDA Intel PCH HDMI/DP,pcm=8 as /devices/pci0000:00/0000:00:1f.3/sound/card0/input7
May 23 21:07:07 Z4S-SW26 kernel: [   20.488499] input: HDA Intel PCH HDMI/DP,pcm=9 as /devices/pci0000:00/0000:00:1f.3/sound/card0/input8
May 23 21:07:07 Z4S-SW26 kernel: [   20.488543] input: HDA Intel PCH HDMI/DP,pcm=10 as /devices/pci0000:00/0000:00:1f.3/sound/card0/input9
May 23 21:07:07 Z4S-SW26 kernel: [   20.488584] input: HDA Intel PCH HDMI/DP,pcm=11 as /devices/pci0000:00/0000:00:1f.3/sound/card0/input10
May 23 21:07:07 Z4S-SW26 kernel: [   20.488636] input: HDA Intel PCH HDMI/DP,pcm=12 as /devices/pci0000:00/0000:00:1f.3/sound/card0/input11
May 23 21:07:09 Z4S-SW26 kernel: [   27.825095] igc 0000:01:00.0 eth0: NIC Link is Up 1000 Mbps Full Duplex, Flow Control: RX/TX
May 23 21:07:09 Z4S-SW26 kernel: [   27.825275] IPv6: ADDRCONF(NETDEV_CHANGE): eth0: link becomes ready
May 23 21:07:10 Z4S-SW26 kernel: [   27.944236] bond0: (slave eth0): Enslaving as a backup interface with a down link
May 23 21:07:12 Z4S-SW26 kernel: [   30.625089] igc 0000:01:00.0 eth0: NIC Link is Up 1000 Mbps Full Duplex, Flow Control: RX/TX
May 23 21:07:12 Z4S-SW26 kernel: [   30.636801] bond0: (slave eth0): link status definitely up, 1000 Mbps full duplex
May 23 21:07:12 Z4S-SW26 kernel: [   30.636806] bond0: (slave eth0): making interface the new active one
May 23 21:07:12 Z4S-SW26 kernel: [   30.637111] bond0: active interface up!
May 23 21:07:12 Z4S-SW26 kernel: [   30.637121] IPv6: ADDRCONF(NETDEV_CHANGE): bond0: link becomes ready
May 23 21:07:14 Z4S-SW26 kernel: [   32.668073] process 'usr/local/zds/zds' started with executable stack
May 23 21:07:27 Z4S-SW26 kernel: [   45.886964] zram: Added device: zram0
May 23 21:07:27 Z4S-SW26 kernel: [   45.902605] zram0: detected capacity change from 0 to 4040704
May 23 21:07:27 Z4S-SW26 kernel: [   45.912036] Adding 2020348k swap on /dev/zram0.  Priority:5 extents:1 across:2020348k SSFS
May 23 21:07:27 Z4S-SW26 kernel: [   45.916848] zram: Added device: zram1
May 23 21:07:27 Z4S-SW26 kernel: [   45.918874] zram1: detected capacity change from 0 to 4040704
May 23 21:07:27 Z4S-SW26 kernel: [   45.922358] zram: Cannot change disksize for initialized device
May 23 21:07:27 Z4S-SW26 kernel: [   45.927832] Adding 2020348k swap on /dev/zram1.  Priority:5 extents:1 across:2020348k SSFS
May 23 21:07:27 Z4S-SW26 kernel: [   45.930813] zram: Added device: zram2
May 23 21:07:28 Z4S-SW26 kernel: [   45.934364] zram2: detected capacity change from 0 to 4040704
May 23 21:07:28 Z4S-SW26 kernel: [   45.937227] zram: Cannot change disksize for initialized device
May 23 21:07:28 Z4S-SW26 kernel: [   45.942785] Adding 2020348k swap on /dev/zram2.  Priority:5 extents:1 across:2020348k SSFS
May 23 21:07:28 Z4S-SW26 kernel: [   45.945845] zram: Added device: zram3
May 23 21:07:28 Z4S-SW26 kernel: [   45.947749] zram3: detected capacity change from 0 to 4040704
May 23 21:07:28 Z4S-SW26 kernel: [   45.951666] zram: Cannot change disksize for initialized device
May 23 21:07:28 Z4S-SW26 kernel: [   45.957302] Adding 2020348k swap on /dev/zram3.  Priority:5 extents:1 across:2020348k SSFS
May 23 21:07:28 Z4S-SW26 kernel: [   46.655193] u32 classifier
May 23 21:07:28 Z4S-SW26 kernel: [   46.655198]     input device check on
May 23 21:07:28 Z4S-SW26 kernel: [   46.655199]     Actions configured
May 23 21:07:28 Z4S-SW26 kernel: [   46.660363] Mirror/redirect action on
May 23 21:07:29 Z4S-SW26 kernel: [   47.417605] ACPI Warning: \_SB.WMI1.WMAA: Insufficient arguments - Caller passed 2, method requires 3 (20211217/nsarguments-232)
May 23 21:07:29 Z4S-SW26 kernel: [   47.476782] ACPI Warning: \_SB.WMI1.WMAA: Insufficient arguments - Caller passed 2, method requires 3 (20211217/nsarguments-232)
May 23 21:07:29 Z4S-SW26 kernel: [   47.511251] ACPI Warning: \_SB.WMI1.WMAA: Insufficient arguments - Caller passed 2, method requires 3 (20211217/nsarguments-232)
May 23 21:07:30 Z4S-SW26 kernel: [   48.208846] md: md1 stopped.
May 23 21:07:30 Z4S-SW26 kernel: [   48.216519] md/raid1:md1: active with 2 out of 4 mirrors
May 23 21:07:30 Z4S-SW26 kernel: [   48.216544] md1: detected capacity change from 0 to 29343744
May 23 21:07:31 Z4S-SW26 kernel: [   49.452731] EXT4-fs (md1): recovery complete
May 23 21:07:31 Z4S-SW26 kernel: [   49.486879] EXT4-fs (md1): mounted filesystem with ordered data mode. Quota mode: none.
May 23 21:07:31 Z4S-SW26 kernel: [   49.547554] md: md0 stopped.
May 23 21:07:31 Z4S-SW26 kernel: [   49.552234] md/raid1:md0: active with 2 out of 4 mirrors
May 23 21:07:31 Z4S-SW26 kernel: [   49.552255] md0: detected capacity change from 0 to 8380416
May 23 21:07:31 Z4S-SW26 kernel: [   49.597013] Adding 4190204k swap on /dev/md0.  Priority:-2 extents:1 across:4190204k FS
May 23 21:07:32 Z4S-SW26 kernel: [   49.968811] BTRFS info (device sdb3): flagging fs with big metadata feature
May 23 21:07:32 Z4S-SW26 kernel: [   49.968818] BTRFS info (device sdb3): setting nodatacow, compression disabled
May 23 21:07:32 Z4S-SW26 kernel: [   49.968820] BTRFS info (device sdb3): disk space caching is enabled
May 23 21:07:32 Z4S-SW26 kernel: [   49.968821] BTRFS info (device sdb3): has skinny extents
May 23 21:07:32 Z4S-SW26 kernel: [   50.442018] BTRFS info (device sda3): flagging fs with big metadata feature
May 23 21:07:32 Z4S-SW26 kernel: [   50.442026] BTRFS info (device sda3): setting nodatacow, compression disabled
May 23 21:07:32 Z4S-SW26 kernel: [   50.442027] BTRFS info (device sda3): disk space caching is enabled
May 23 21:07:32 Z4S-SW26 kernel: [   50.442029] BTRFS info (device sda3): has skinny extents
May 23 21:07:34 Z4S-SW26 kernel: [   52.424653] zfuse: loading out-of-tree module taints kernel.
May 23 21:07:34 Z4S-SW26 kernel: [   52.424783] zfuse: module verification failed: signature and/or required key missing - tainting kernel
May 23 21:07:34 Z4S-SW26 kernel: [   52.425814] zfuse: init zfuse(v0.0.1) (API version 7.36)
May 23 21:07:54 Z4S-SW26 kernel: [   72.399505] ACPI Warning: \_SB.WMI1.WMAA: Insufficient arguments - Caller passed 2, method requires 3 (20211217/nsarguments-232)
May 23 21:09:38 Z4S-SW26 kernel: [  175.828656] bridge: filtering via arp/ip/ip6tables is no longer available by default. Update your scripts to load br_netfilter if you need this.
May 23 21:09:38 Z4S-SW26 kernel: [  175.832125] Bridge firewalling registered
May 23 21:09:38 Z4S-SW26 kernel: [  175.839066] bpfilter: Loaded bpfilter_umh pid 30202
May 23 21:09:38 Z4S-SW26 kernel: [  175.839281] bpfilter: read fail 0
May 23 21:09:38 Z4S-SW26 kernel: [  175.950450] bpfilter: Loaded bpfilter_umh pid 30205
May 23 21:09:38 Z4S-SW26 kernel: [  175.950676] bpfilter: read fail 0
May 23 21:09:38 Z4S-SW26 kernel: [  176.027689] bpfilter: Loaded bpfilter_umh pid 30213
May 23 21:09:38 Z4S-SW26 kernel: [  176.027916] bpfilter: read fail 0
May 23 21:09:38 Z4S-SW26 kernel: [  176.130060] bpfilter: Loaded bpfilter_umh pid 30216
May 23 21:09:38 Z4S-SW26 kernel: [  176.130284] bpfilter: read fail 0
May 23 21:09:38 Z4S-SW26 kernel: [  176.199351] bpfilter: Loaded bpfilter_umh pid 30220
May 23 21:09:38 Z4S-SW26 kernel: [  176.199563] bpfilter: read fail 0
May 23 21:09:38 Z4S-SW26 kernel: [  176.280197] bpfilter: Loaded bpfilter_umh pid 30223
May 23 21:09:38 Z4S-SW26 kernel: [  176.280422] bpfilter: read fail 0
May 23 21:09:38 Z4S-SW26 kernel: [  176.365603] bpfilter: Loaded bpfilter_umh pid 30227
May 23 21:09:38 Z4S-SW26 kernel: [  176.365820] bpfilter: read fail 0
May 23 21:09:38 Z4S-SW26 kernel: [  176.438425] bpfilter: Loaded bpfilter_umh pid 30230
May 23 21:09:38 Z4S-SW26 kernel: [  176.438652] bpfilter: read fail 0
May 23 21:09:38 Z4S-SW26 kernel: [  176.511887] bpfilter: Loaded bpfilter_umh pid 30232
May 23 21:09:38 Z4S-SW26 kernel: [  176.512142] bpfilter: read fail 0
May 23 21:09:38 Z4S-SW26 kernel: [  176.595931] bpfilter: Loaded bpfilter_umh pid 30234
May 23 21:09:38 Z4S-SW26 kernel: [  176.596155] bpfilter: read fail 0
May 23 21:09:39 Z4S-SW26 kernel: [  176.675967] bpfilter: Loaded bpfilter_umh pid 30241
May 23 21:09:39 Z4S-SW26 kernel: [  176.676163] bpfilter: read fail 0
May 23 21:09:39 Z4S-SW26 kernel: [  176.749437] bpfilter: Loaded bpfilter_umh pid 30262
May 23 21:09:39 Z4S-SW26 kernel: [  176.749660] bpfilter: read fail 0
May 23 21:09:39 Z4S-SW26 kernel: [  176.815758] bpfilter: Loaded bpfilter_umh pid 30264
May 23 21:09:39 Z4S-SW26 kernel: [  176.816230] bpfilter: read fail 0
May 23 21:09:39 Z4S-SW26 kernel: [  176.883965] bpfilter: Loaded bpfilter_umh pid 30266
May 23 21:09:39 Z4S-SW26 kernel: [  176.884208] bpfilter: read fail 0
May 23 21:09:39 Z4S-SW26 kernel: [  176.951807] bpfilter: Loaded bpfilter_umh pid 30268
May 23 21:09:39 Z4S-SW26 kernel: [  176.952035] bpfilter: read fail 0
May 23 21:09:39 Z4S-SW26 kernel: [  177.031770] bpfilter: Loaded bpfilter_umh pid 30270
May 23 21:09:39 Z4S-SW26 kernel: [  177.031988] bpfilter: read fail 0
May 23 21:09:39 Z4S-SW26 kernel: [  177.105284] bpfilter: Loaded bpfilter_umh pid 30273
May 23 21:09:39 Z4S-SW26 kernel: [  177.105501] bpfilter: read fail 0
May 23 21:09:39 Z4S-SW26 kernel: [  177.171612] bpfilter: Loaded bpfilter_umh pid 30275
May 23 21:09:39 Z4S-SW26 kernel: [  177.172148] bpfilter: read fail 0
May 23 21:09:39 Z4S-SW26 kernel: [  177.239592] bpfilter: Loaded bpfilter_umh pid 30277
May 23 21:09:39 Z4S-SW26 kernel: [  177.239846] bpfilter: read fail 0
May 23 21:09:39 Z4S-SW26 kernel: [  177.311654] bpfilter: Loaded bpfilter_umh pid 30279
May 23 21:09:39 Z4S-SW26 kernel: [  177.312102] bpfilter: read fail 0
May 23 21:09:39 Z4S-SW26 kernel: [  177.379496] bpfilter: Loaded bpfilter_umh pid 30281
May 23 21:09:39 Z4S-SW26 kernel: [  177.379743] bpfilter: read fail 0
May 23 21:09:39 Z4S-SW26 kernel: [  177.445110] bpfilter: Loaded bpfilter_umh pid 30284
May 23 21:09:39 Z4S-SW26 kernel: [  177.445321] bpfilter: read fail 0
May 23 21:09:39 Z4S-SW26 kernel: [  177.523467] bpfilter: Loaded bpfilter_umh pid 30286
May 23 21:09:39 Z4S-SW26 kernel: [  177.523712] bpfilter: read fail 0
May 23 21:09:39 Z4S-SW26 kernel: [  177.605497] bpfilter: Loaded bpfilter_umh pid 30289
May 23 21:09:39 Z4S-SW26 kernel: [  177.605707] bpfilter: read fail 0
May 23 21:09:40 Z4S-SW26 kernel: [  177.675560] bpfilter: Loaded bpfilter_umh pid 30291
May 23 21:09:40 Z4S-SW26 kernel: [  177.675798] bpfilter: read fail 0
May 23 21:09:40 Z4S-SW26 kernel: [  177.741021] bpfilter: Loaded bpfilter_umh pid 30294
May 23 21:09:40 Z4S-SW26 kernel: [  177.741234] bpfilter: read fail 0
May 23 21:09:40 Z4S-SW26 kernel: [  177.807356] bpfilter: Loaded bpfilter_umh pid 30296
May 23 21:09:40 Z4S-SW26 kernel: [  177.807619] bpfilter: read fail 0
May 23 21:09:40 Z4S-SW26 kernel: [  177.889179] bpfilter: Loaded bpfilter_umh pid 30299
May 23 21:09:40 Z4S-SW26 kernel: [  177.889458] bpfilter: read fail 0
May 23 21:09:40 Z4S-SW26 kernel: [  177.971603] bpfilter: Loaded bpfilter_umh pid 30307
May 23 21:09:40 Z4S-SW26 kernel: [  177.971829] bpfilter: read fail 0
May 23 21:09:40 Z4S-SW26 kernel: [  178.049241] bpfilter: Loaded bpfilter_umh pid 30310
May 23 21:09:40 Z4S-SW26 kernel: [  178.049449] bpfilter: read fail 0
May 23 21:09:40 Z4S-SW26 kernel: [  178.123224] bpfilter: Loaded bpfilter_umh pid 30312
May 23 21:09:40 Z4S-SW26 kernel: [  178.123494] bpfilter: read fail 0
May 23 21:09:40 Z4S-SW26 kernel: [  178.200717] bpfilter: Loaded bpfilter_umh pid 30317
May 23 21:09:40 Z4S-SW26 kernel: [  178.200953] bpfilter: read fail 0
May 23 21:09:40 Z4S-SW26 kernel: [  178.279177] bpfilter: Loaded bpfilter_umh pid 30319
May 23 21:09:40 Z4S-SW26 kernel: [  178.279403] bpfilter: read fail 0
May 23 21:09:40 Z4S-SW26 kernel: [  178.352652] bpfilter: Loaded bpfilter_umh pid 30322
May 23 21:09:40 Z4S-SW26 kernel: [  178.352872] bpfilter: read fail 0
May 23 21:09:40 Z4S-SW26 kernel: [  178.423081] bpfilter: Loaded bpfilter_umh pid 30324
May 23 21:09:40 Z4S-SW26 kernel: [  178.423483] bpfilter: read fail 0
May 23 21:09:40 Z4S-SW26 kernel: [  178.500585] bpfilter: Loaded bpfilter_umh pid 30327
May 23 21:09:40 Z4S-SW26 kernel: [  178.500808] bpfilter: read fail 0
May 23 21:09:40 Z4S-SW26 kernel: [  178.571072] bpfilter: Loaded bpfilter_umh pid 30329
May 23 21:09:40 Z4S-SW26 kernel: [  178.571290] bpfilter: read fail 0
May 23 21:09:41 Z4S-SW26 kernel: [  178.656437] bpfilter: Loaded bpfilter_umh pid 30332
May 23 21:09:41 Z4S-SW26 kernel: [  178.656651] bpfilter: read fail 0
May 23 21:09:41 Z4S-SW26 kernel: [  178.734902] bpfilter: Loaded bpfilter_umh pid 30336
